Component: ARM Compiler 5.06 update 6 (build 750) Tool: armlink [4d35ed]

==============================================================================

Section Cross References

    startup_stm32f103xb.o(RESET) refers to startup_stm32f103xb.o(STACK) for __initial_sp
    startup_stm32f103xb.o(RESET) refers to startup_stm32f103xb.o(.text) for Reset_Handler
    startup_stm32f103xb.o(RESET) refers to stm32f1xx_it.o(i.NMI_Handler) for NMI_Handler
    startup_stm32f103xb.o(RESET) refers to stm32f1xx_it.o(i.HardFault_Handler) for HardFault_Handler
    startup_stm32f103xb.o(RESET) refers to stm32f1xx_it.o(i.MemManage_Handler) for MemManage_Handler
    startup_stm32f103xb.o(RESET) refers to stm32f1xx_it.o(i.BusFault_Handler) for BusFault_Handler
    startup_stm32f103xb.o(RESET) refers to stm32f1xx_it.o(i.UsageFault_Handler) for UsageFault_Handler
    startup_stm32f103xb.o(RESET) refers to port.o(.emb_text) for SVC_Handler
    startup_stm32f103xb.o(RESET) refers to stm32f1xx_it.o(i.DebugMon_Handler) for DebugMon_Handler
    startup_stm32f103xb.o(RESET) refers to port.o(i.SysTick_Handler) for SysTick_Handler
    startup_stm32f103xb.o(RESET) refers to stm32f1xx_it.o(i.DMA1_Channel4_IRQHandler) for DMA1_Channel4_IRQHandler
    startup_stm32f103xb.o(RESET) refers to stm32f1xx_it.o(i.DMA1_Channel5_IRQHandler) for DMA1_Channel5_IRQHandler
    startup_stm32f103xb.o(RESET) refers to stm32f1xx_it.o(i.ADC1_2_IRQHandler) for ADC1_2_IRQHandler
    startup_stm32f103xb.o(RESET) refers to stm32f1xx_it.o(i.TIM4_IRQHandler) for TIM4_IRQHandler
    startup_stm32f103xb.o(RESET) refers to stm32f1xx_it.o(i.USART1_IRQHandler) for USART1_IRQHandler
    startup_stm32f103xb.o(.text) refers to system_stm32f1xx.o(i.SystemInit) for SystemInit
    startup_stm32f103xb.o(.text) refers to entry.o(.ARM.Collect$$$$00000000) for __main
    main.o(i.HAL_TIM_PeriodElapsedCallback) refers to stm32f1xx_hal.o(i.HAL_IncTick) for HAL_IncTick
    main.o(i.SystemClock_Config) refers to memseta.o(.text) for __aeabi_memclr4
    main.o(i.SystemClock_Config) refers to stm32f1xx_hal_rcc.o(i.HAL_RCC_OscConfig) for HAL_RCC_OscConfig
    main.o(i.SystemClock_Config) refers to stm32f1xx_hal_rcc.o(i.HAL_RCC_ClockConfig) for HAL_RCC_ClockConfig
    main.o(i.SystemClock_Config) refers to stm32f1xx_hal_rcc_ex.o(i.HAL_RCCEx_PeriphCLKConfig) for HAL_RCCEx_PeriphCLKConfig
    main.o(i.main) refers to stm32f1xx_hal.o(i.HAL_Init) for HAL_Init
    main.o(i.main) refers to main.o(i.SystemClock_Config) for SystemClock_Config
    main.o(i.main) refers to gpio.o(i.MX_GPIO_Init) for MX_GPIO_Init
    main.o(i.main) refers to dma.o(i.MX_DMA_Init) for MX_DMA_Init
    main.o(i.main) refers to usart.o(i.MX_USART1_UART_Init) for MX_USART1_UART_Init
    main.o(i.main) refers to adc.o(i.MX_ADC1_Init) for MX_ADC1_Init
    main.o(i.main) refers to tim.o(i.MX_TIM3_Init) for MX_TIM3_Init
    main.o(i.main) refers to lcd.o(i.LCD_Init) for LCD_Init
    main.o(i.main) refers to gui.o(i.Show_Str) for Show_Str
    main.o(i.main) refers to stm32f1xx_hal_adc.o(i.HAL_ADC_Start_IT) for HAL_ADC_Start_IT
    main.o(i.main) refers to stm32f1xx_hal_tim.o(i.HAL_TIM_Base_Start_IT) for HAL_TIM_Base_Start_IT
    main.o(i.main) refers to stm32f1xx_hal_uart.o(i.HAL_UARTEx_ReceiveToIdle_DMA) for HAL_UARTEx_ReceiveToIdle_DMA
    main.o(i.main) refers to cmsis_os2.o(i.osKernelInitialize) for osKernelInitialize
    main.o(i.main) refers to freertos.o(i.MX_FREERTOS_Init) for MX_FREERTOS_Init
    main.o(i.main) refers to cmsis_os2.o(i.osKernelStart) for osKernelStart
    main.o(i.main) refers to adc.o(.bss) for hadc1
    main.o(i.main) refers to tim.o(.bss) for htim3
    main.o(i.main) refers to main.o(.bss) for .bss
    main.o(i.main) refers to usart.o(.bss) for huart1
    gpio.o(i.MX_GPIO_Init) refers to stm32f1xx_hal_gpio.o(i.HAL_GPIO_WritePin) for HAL_GPIO_WritePin
    gpio.o(i.MX_GPIO_Init) refers to stm32f1xx_hal_gpio.o(i.HAL_GPIO_Init) for HAL_GPIO_Init
    freertos.o(i.APP_DMAData) refers to queue.o(i.xQueueSemaphoreTake) for xQueueSemaphoreTake
    freertos.o(i.APP_DMAData) refers to printfa.o(i.__0printf) for __2printf
    freertos.o(i.APP_DMAData) refers to sscanf.o(.text) for sscanf
    freertos.o(i.APP_DMAData) refers to tasks.o(i.vTaskDelay) for vTaskDelay
    freertos.o(i.APP_DMAData) refers to f2d.o(.text) for __aeabi_f2d
    freertos.o(i.APP_DMAData) refers to printfa.o(i.__0sprintf) for __2sprintf
    freertos.o(i.APP_DMAData) refers to gui.o(i.LCD_ShowString) for LCD_ShowString
    freertos.o(i.APP_DMAData) refers to freertos.o(.data) for .data
    freertos.o(i.APP_DMAData) refers to main.o(.bss) for xUSART1
    freertos.o(i.AppTaskShow) refers to queue.o(i.xQueueSemaphoreTake) for xQueueSemaphoreTake
    freertos.o(i.AppTaskShow) refers to gui.o(i.LCD_ShowString) for LCD_ShowString
    freertos.o(i.AppTaskShow) refers to gui.o(i.LCD_ShowNum) for LCD_ShowNum
    freertos.o(i.AppTaskShow) refers to cmsis_os2.o(i.osDelay) for osDelay
    freertos.o(i.AppTaskShow) refers to freertos.o(.data) for .data
[...]
    prvAddNewTaskToReadyList                 0x08004ded   Thumb Code   190  tasks.o(i.prvAddNewTaskToReadyList)
    i.prvCheckForValidListAndQueue           0x08004ebc   Section        0  timers.o(i.prvCheckForValidListAndQueue)
    prvCheckForValidListAndQueue             0x08004ebd   Thumb Code    72  timers.o(i.prvCheckForValidListAndQueue)
    i.prvCopyDataFromQueue                   0x08004f14   Section        0  queue.o(i.prvCopyDataFromQueue)
    prvCopyDataFromQueue                     0x08004f15   Thumb Code    38  queue.o(i.prvCopyDataFromQueue)
    i.prvCopyDataToQueue                     0x08004f3a   Section        0  queue.o(i.prvCopyDataToQueue)
    prvCopyDataToQueue                       0x08004f3b   Thumb Code   108  queue.o(i.prvCopyDataToQueue)
    i.prvDeleteTCB                           0x08004fa6   Section        0  tasks.o(i.prvDeleteTCB)
    prvDeleteTCB                             0x08004fa7   Thumb Code    52  tasks.o(i.prvDeleteTCB)
    i.prvHeapInit                            0x08004fdc   Section        0  heap_4.o(i.prvHeapInit)
    prvHeapInit                              0x08004fdd   Thumb Code    66  heap_4.o(i.prvHeapInit)
    i.prvIdleTask                            0x08005028   Section        0  tasks.o(i.prvIdleTask)
    prvIdleTask                              0x08005029   Thumb Code    82  tasks.o(i.prvIdleTask)
    i.prvInitialiseNewQueue                  0x08005088   Section        0  queue.o(i.prvInitialiseNewQueue)
    prvInitialiseNewQueue                    0x08005089   Thumb Code    34  queue.o(i.prvInitialiseNewQueue)
    i.prvInitialiseNewTask                   0x080050aa   Section        0  tasks.o(i.prvInitialiseNewTask)
    prvInitialiseNewTask                     0x080050ab   Thumb Code   156  tasks.o(i.prvInitialiseNewTask)
    i.prvInsertBlockIntoFreeList             0x08005148   Section        0  heap_4.o(i.prvInsertBlockIntoFreeList)
    prvInsertBlockIntoFreeList               0x08005149   Thumb Code    72  heap_4.o(i.prvInsertBlockIntoFreeList)
    i.prvInsertTimerInActiveList             0x08005194   Section        0  timers.o(i.prvInsertTimerInActiveList)
    prvInsertTimerInActiveList               0x08005195   Thumb Code    52  timers.o(i.prvInsertTimerInActiveList)
    i.prvIsQueueEmpty                        0x080051cc   Section        0  queue.o(i.prvIsQueueEmpty)
    prvIsQueueEmpty                          0x080051cd   Thumb Code    28  queue.o(i.prvIsQueueEmpty)
    i.prvProcessReceivedCommands             0x080051e8   Section        0  timers.o(i.prvProcessReceivedCommands)
    prvProcessReceivedCommands               0x080051e9   Thumb Code   198  timers.o(i.prvProcessReceivedCommands)
    i.prvProcessTimerOrBlockTask             0x080052b4   Section        0  timers.o(i.prvProcessTimerOrBlockTask)
    prvProcessTimerOrBlockTask               0x080052b5   Thumb Code   172  timers.o(i.prvProcessTimerOrBlockTask)
    i.prvResetNextTaskUnblockTime            0x08005368   Section        0  tasks.o(i.prvResetNextTaskUnblockTime)
    prvResetNextTaskUnblockTime              0x08005369   Thumb Code    26  tasks.o(i.prvResetNextTaskUnblockTime)
    i.prvSampleTimeNow                       0x08005388   Section        0  timers.o(i.prvSampleTimeNow)
    prvSampleTimeNow                         0x08005389   Thumb Code    36  timers.o(i.prvSampleTimeNow)
    i.prvSwitchTimerLists                    0x080053b0   Section        0  timers.o(i.prvSwitchTimerLists)
    prvSwitchTimerLists                      0x080053b1   Thumb Code   102  timers.o(i.prvSwitchTimerLists)
    i.prvTaskExitError                       0x0800541c   Section        0  port.o(i.prvTaskExitError)
    prvTaskExitError                         0x0800541d   Thumb Code    36  port.o(i.prvTaskExitError)
    i.prvTimerTask                           0x08005444   Section        0  timers.o(i.prvTimerTask)
    prvTimerTask                             0x08005445   Thumb Code    32  timers.o(i.prvTimerTask)
    i.prvUnlockQueue                         0x08005468   Section        0  queue.o(i.prvUnlockQueue)
    prvUnlockQueue                           0x08005469   Thumb Code   106  queue.o(i.prvUnlockQueue)
    i.pvPortMalloc                           0x080054d4   Section        0  heap_4.o(i.pvPortMalloc)
    i.pvTaskIncrementMutexHeldCount          0x080055ac   Section        0  tasks.o(i.pvTaskIncrementMutexHeldCount)
    i.pxPortInitialiseStack                  0x080055c4   Section        0  port.o(i.pxPortInitialiseStack)
    i.uxListRemove                           0x080055e8   Section        0  list.o(i.uxListRemove)
    i.vApplicationGetIdleTaskMemory          0x08005610   Section        0  cmsis_os2.o(i.vApplicationGetIdleTaskMemory)
    i.vApplicationGetTimerTaskMemory         0x08005624   Section        0  cmsis_os2.o(i.vApplicationGetTimerTaskMemory)
    i.vListInitialise                        0x0800563c   Section        0  list.o(i.vListInitialise)
    i.vListInitialiseItem                    0x08005652   Section        0  list.o(i.vListInitialiseItem)
    i.vListInsert                            0x08005658   Section        0  list.o(i.vListInsert)
    i.vListInsertEnd                         0x08005688   Section        0  list.o(i.vListInsertEnd)
    i.vPortEnterCritical                     0x080056a0   Section        0  port.o(i.vPortEnterCritical)
    i.vPortExitCritical                      0x080056e0   Section        0  port.o(i.vPortExitCritical)
    i.vPortFree                              0x08005708   Section        0  heap_4.o(i.vPortFree)
    i.vPortSetupTimerInterrupt               0x08005764   Section        0  port.o(i.vPortSetupTimerInterrupt)
    i.vPortValidateInterruptPriority         0x08005788   Section        0  port.o(i.vPortValidateInterruptPriority)
    i.vQueueAddToRegistry                    0x080057dc   Section        0  queue.o(i.vQueueAddToRegistry)
    i.vQueueDelete                           0x08005804   Section        0  queue.o(i.vQueueDelete)
    i.vQueueUnregisterQueue                  0x08005834   Section        0  queue.o(i.vQueueUnregisterQueue)
    i.vQueueWaitForMessageRestricted         0x0800585c   Section        0  queue.o(i.vQueueWaitForMessageRestricted)
    i.vTaskDelay                             0x080058a0   Section        0  tasks.o(i.vTaskDelay)
    i.vTaskInternalSetTimeOutState           0x080058ec   Section        0  tasks.o(i.vTaskInternalSetTimeOutState)
    i.vTaskMissedYield                       0x080058fc   Section        0  tasks.o(i.vTaskMissedYield)
    i.vTaskPlaceOnEventList                  0x08005908   Section        0  tasks.o(i.vTaskPlaceOnEventList)
    i.vTaskPlaceOnEventListRestricted        0x08005938   Section        0  tasks.o(i.vTaskPlaceOnEventListRestricted)
    i.vTaskPriorityDisinheritAfterTimeout    0x08005970   Section        0  tasks.o(i.vTaskPriorityDisinheritAfterTimeout)
    i.vTaskStartScheduler                    0x08005a00   Section        0  tasks.o(i.vTaskStartScheduler)
    i.vTaskSuspendAll                        0x08005a88   Section        0  tasks.o(i.vTaskSuspendAll)
    i.vTaskSwitchContext                     0x08005a98   Section        0  tasks.o(i.vTaskSwitchContext)
    i.xPortStartScheduler                    0x08005afc   Section        0  port.o(i.xPortStartScheduler)
    i.xQueueCreateCountingSemaphore          0x08005ba4   Section        0  queue.o(i.xQueueCreateCountingSemaphore)
    i.xQueueCreateCountingSemaphoreStatic    0x08005bde   Section        0  queue.o(i.xQueueCreateCountingSemaphoreStatic)
    i.xQueueGenericCreate                    0x08005c1e   Section        0  queue.o(i.xQueueGenericCreate)
    i.xQueueGenericCreateStatic              0x08005c66   Section        0  queue.o(i.xQueueGenericCreateStatic)
    i.xQueueGenericReset                     0x08005ccc   Section        0  queue.o(i.xQueueGenericReset)
    i.xQueueGenericSend                      0x08005d54   Section        0  queue.o(i.xQueueGenericSend)
    i.xQueueGenericSendFromISR               0x08005eb4   Section        0  queue.o(i.xQueueGenericSendFromISR)
    i.xQueueGiveFromISR                      0x08005f70   Section        0  queue.o(i.xQueueGiveFromISR)
    i.xQueueReceive                          0x0800600c   Section        0  queue.o(i.xQueueReceive)
    i.xQueueSemaphoreTake                    0x08006144   Section        0  queue.o(i.xQueueSemaphoreTake)
    i.xTaskCheckForTimeOut                   0x080062bc   Section        0  tasks.o(i.xTaskCheckForTimeOut)
    i.xTaskCreate                            0x08006330   Section        0  tasks.o(i.xTaskCreate)
    i.xTaskCreateStatic                      0x0800638a   Section        0  tasks.o(i.xTaskCreateStatic)
    i.xTaskGetSchedulerState                 0x080063e0   Section        0  tasks.o(i.xTaskGetSchedulerState)
    i.xTaskGetTickCount                      0x080063fc   Section        0  tasks.o(i.xTaskGetTickCount)
    i.xTaskIncrementTick                     0x08006408   Section        0  tasks.o(i.xTaskIncrementTick)
    i.xTaskPriorityDisinherit                0x080064d0   Section        0  tasks.o(i.xTaskPriorityDisinherit)
    i.xTaskPriorityInherit                   0x08006550   Section        0  tasks.o(i.xTaskPriorityInherit)
    i.xTaskRemoveFromEventList               0x080065c8   Section        0  tasks.o(i.xTaskRemoveFromEventList)
    i.xTaskResumeAll                         0x08006638   Section        0  tasks.o(i.xTaskResumeAll)
    i.xTimerCreateTimerTask                  0x080066fc   Section        0  timers.o(i.xTimerCreateTimerTask)
    i.xTimerGenericCommand                   0x0800675c   Section        0  timers.o(i.xTimerGenericCommand)
    .constdata                               0x080067c4   Section      120  freertos.o(.constdata)
    .constdata                               0x0800683c   Section     5806  gui.o(.constdata)
    .constdata                               0x08007eea   Section       18  stm32f1xx_hal_rcc.o(.constdata)
    aPredivFactorTable                       0x08007eea   Data           2  stm32f1xx_hal_rcc.o(.constdata)
    aPLLMULFactorTable                       0x08007eec   Data          16  stm32f1xx_hal_rcc.o(.constdata)
    .constdata                               0x08007efc   Section       16  system_stm32f1xx.o(.constdata)
    .constdata                               0x08007f0c   Section        8  system_stm32f1xx.o(.constdata)
    .constdata                               0x08007f14   Section       64  ctype_c.o(.constdata)
    .conststring                             0x08007f54   Section       63  freertos.o(.conststring)
    .data                                    0x20000000   Section       40  freertos.o(.data)
    .data                                    0x20000028   Section        2  lcd.o(.data)
    .data                                    0x2000002a   Section        2  lcd.o(.data)
    .data                                    0x2000002c   Section       12  stm32f1xx_hal.o(.data)
    .data                                    0x20000038   Section        4  system_stm32f1xx.o(.data)
    .data                                    0x2000003c   Section       60  tasks.o(.data)
    pxDelayedTaskList                        0x20000040   Data           4  tasks.o(.data)
    pxOverflowDelayedTaskList                0x20000044   Data           4  tasks.o(.data)
    uxDeletedTasksWaitingCleanUp             0x20000048   Data           4  tasks.o(.data)
    uxCurrentNumberOfTasks                   0x2000004c   Data           4  tasks.o(.data)
    xTickCount                               0x20000050   Data           4  tasks.o(.data)
    uxTopReadyPriority                       0x20000054   Data           4  tasks.o(.data)
    xSchedulerRunning                        0x20000058   Data           4  tasks.o(.data)
    uxPendedTicks                            0x2000005c   Data           4  tasks.o(.data)
    xYieldPending                            0x20000060   Data           4  tasks.o(.data)
    xNumOfOverflows                          0x20000064   Data           4  tasks.o(.data)
    uxTaskNumber                             0x20000068   Data           4  tasks.o(.data)
    xNextTaskUnblockTime                     0x2000006c   Data           4  tasks.o(.data)
    xIdleTaskHandle                          0x20000070   Data           4  tasks.o(.data)
    uxSchedulerSuspended                     0x20000074   Data           4  tasks.o(.data)
    .data                                    0x20000078   Section       20  timers.o(.data)
    pxCurrentTimerList                       0x20000078   Data           4  timers.o(.data)
    pxOverflowTimerList                      0x2000007c   Data           4  timers.o(.data)
    xTimerQueue                              0x20000080   Data           4  timers.o(.data)
    xTimerTaskHandle                         0x20000084   Data           4  timers.o(.data)
    xLastTime                                0x20000088   Data           4  timers.o(.data)
    .data                                    0x2000008c   Section        4  cmsis_os2.o(.data)
    KernelState                              0x2000008c   Data           4  cmsis_os2.o(.data)
    .data                                    0x20000090   Section       24  heap_4.o(.data)
    pxEnd                                    0x20000090   Data           4  heap_4.o(.data)
    xFreeBytesRemaining                      0x20000094   Data           4  heap_4.o(.data)
    xMinimumEverFreeBytesRemaining           0x20000098   Data           4  heap_4.o(.data)
    xBlockAllocatedBit                       0x2000009c   Data           4  heap_4.o(.data)
    xStart                                   0x200000a0   Data           8  heap_4.o(.data)
    .data                                    0x200000a8   Section       12  port.o(.data)
    ucMaxSysCallPriority                     0x200000a8   Data           1  port.o(.data)
    uxCriticalNesting                        0x200000ac   Data           4  port.o(.data)
    ulMaxPRIGROUPValue                       0x200000b0   Data           4  port.o(.data)
    .data                                    0x200000b4   Section        4  stdout.o(.data)
    .bss                                     0x200000b8   Section     1026  main.o(.bss)
    .bss                                     0x200004bc   Section       48  adc.o(.bss)
    .bss                                     0x200004ec   Section       72  tim.o(.bss)
    .bss                                     0x20000534   Section      208  usart.o(.bss)
    .bss                                     0x20000604   Section       72  stm32f1xx_hal_timebase_tim.o(.bss)
    .bss                                     0x2000064c   Section       14  lcd.o(.bss)
    .bss                                     0x2000065c   Section       64  queue.o(.bss)
    .bss                                     0x2000069c   Section     1220  tasks.o(.bss)
    pxReadyTasksLists                        0x2000069c   Data        1120  tasks.o(.bss)
    xDelayedTaskList1                        0x20000afc   Data          20  tasks.o(.bss)
    xDelayedTaskList2                        0x20000b10   Data          20  tasks.o(.bss)
    xPendingReadyList                        0x20000b24   Data          20  tasks.o(.bss)
    xTasksWaitingTermination                 0x20000b38   Data          20  tasks.o(.bss)
    xSuspendedTaskList                       0x20000b4c   Data          20  tasks.o(.bss)
    .bss                                     0x20000b60   Section      280  timers.o(.bss)
    xActiveTimerList1                        0x20000b60   Data          20  timers.o(.bss)
    xActiveTimerList2                        0x20000b74   Data          20  timers.o(.bss)
    xStaticTimerQueue                        0x20000b88   Data          80  timers.o(.bss)
    ucStaticTimerQueueStorage                0x20000bd8   Data         160  timers.o(.bss)
    .bss                                     0x20000c78   Section     1720  cmsis_os2.o(.bss)
    Idle_TCB                                 0x20000c78   Data          92  cmsis_os2.o(.bss)
    Idle_Stack                               0x20000cd4   Data         512  cmsis_os2.o(.bss)
    Timer_TCB                                0x20000ed4   Data          92  cmsis_os2.o(.bss)
    Timer_Stack                              0x20000f30   Data        1024  cmsis_os2.o(.bss)
    .bss                                     0x20001330   Section     3072  heap_4.o(.bss)
    ucHeap                                   0x20001330   Data        3072  heap_4.o(.bss)
    STACK                                    0x20001f30   Section     1024  startup_stm32f103xb.o(STACK)

    Global Symbols

    Symbol Name                              Value     Ov Type        Size  Object(Section)

    BuildAttributes$$THM_ISAv4$P$D$K$B$S$PE$A:L22UL41UL21$X:L11$S22US41US21$IEEE1$IW$USESV6$~STKCKD$USESV7$~SHL$OTIME$ROPI$EBA8$MICROLIB$REQ8$PRES8$EABIv2 0x00000000   Number         0  anon$$obj.o ABSOLUTE
    __ARM_use_no_argv                        0x00000000   Number         0  main.o ABSOLUTE
    _printf_a                                0x00000000   Number         0  stubs.o ABSOLUTE
    _printf_c                                0x00000000   Number         0  stubs.o ABSOLUTE
    _printf_charcount                        0x00000000   Number         0  stubs.o ABSOLUTE
    _printf_d                                0x00000000   Number         0  stubs.o ABSOLUTE
    _printf_e                                0x00000000   Number         0  stubs.o ABSOLUTE
    _printf_f                                0x00000000   Number         0  stubs.o ABSOLUTE
    _printf_flags                            0x00000000   Number         0  stubs.o ABSOLUTE
    _printf_fp_dec                           0x00000000   Number         0  stubs.o ABSOLUTE
    _printf_fp_hex                           0x00000000   Number         0  stubs.o ABSOLUTE
    _printf_g                                0x00000000   Number         0  stubs.o ABSOLUTE
    _printf_i                                0x00000000   Number         0  stubs.o ABSOLUTE
    _printf_int_dec                          0x00000000   Number         0  stubs.o ABSOLUTE
    _printf_l                                0x00000000   Number         0  stubs.o ABSOLUTE
    _printf_lc                               0x00000000   Number         0  stubs.o ABSOLUTE
    _printf_ll                               0x00000000   Number         0  stubs.o ABSOLUTE
    _printf_lld                              0x00000000   Number         0  stubs.o ABSOLUTE
    _printf_lli                              0x00000000   Number         0  stubs.o ABSOLUTE
    _printf_llo                              0x00000000   Number         0  stubs.o ABSOLUTE
    _printf_llu                              0x00000000   Number         0  stubs.o ABSOLUTE
    _printf_llx                              0x00000000   Number         0  stubs.o ABSOLUTE
    _printf_longlong_dec                     0x00000000   Number         0  stubs.o ABSOLUTE
    _printf_longlong_hex                     0x00000000   Number         0  stubs.o ABSOLUTE
    _printf_longlong_oct                     0x00000000   Number         0  stubs.o ABSOLUTE
    _printf_ls                               0x00000000   Number         0  stubs.o ABSOLUTE
    _printf_mbtowc                           0x00000000   Number         0  stubs.o ABSOLUTE
    _printf_n                                0x00000000   Number         0  stubs.o ABSOLUTE
    _printf_o                                0x00000000   Number         0  stubs.o ABSOLUTE
    _printf_p                                0x00000000   Number         0  stubs.o ABSOLUTE
    _printf_percent                          0x00000000   Number         0  stubs.o ABSOLUTE
    _printf_pre_padding                      0x00000000   Number         0  stubs.o ABSOLUTE
    _printf_return_value                     0x00000000   Number         0  stubs.o ABSOLUTE
    _printf_s                                0x00000000   Number         0  stubs.o ABSOLUTE
    _printf_sizespec                         0x00000000   Number         0  stubs.o ABSOLUTE
    _printf_str                              0x00000000   Number         0  stubs.o ABSOLUTE
    _printf_truncate_signed                  0x00000000   Number         0  stubs.o ABSOLUTE
    _printf_truncate_unsigned                0x00000000   Number         0  stubs.o ABSOLUTE
    _printf_u                                0x00000000   Number         0  stubs.o ABSOLUTE
    _printf_wc                               0x00000000   Number         0  stubs.o ABSOLUTE
    _printf_wctomb                           0x00000000   Number         0  stubs.o ABSOLUTE
    _printf_widthprec                        0x00000000   Number         0  stubs.o ABSOLUTE
    _printf_x                                0x00000000   Number         0  stubs.o ABSOLUTE
    __cpp_initialize__aeabi_                  - Undefined Weak Reference
    __cxa_finalize                            - Undefined Weak Reference
    __decompress                              - Undefined Weak Reference
    _clock_init                               - Undefined Weak Reference
    _microlib_exit                            - Undefined Weak Reference
    __Vectors_Size                           0x000000ec   Number         0  startup_stm32f103xb.o ABSOLUTE
    __Vectors                                0x08000000   Data           4  startup_stm32f103xb.o(RESET)
    __Vectors_End                            0x080000ec   Data           0  startup_stm32f103xb.o(RESET)
    __main                                   0x080000ed   Thumb Code     0  entry.o(.ARM.Collect$$$$00000000)
    _main_stk                                0x080000ed   Thumb Code     0  entry2.o(.ARM.Collect$$$$00000001)
    _main_scatterload                        0x080000f1   Thumb Code     0  entry5.o(.ARM.Collect$$$$00000004)
    __main_after_scatterload                 0x080000f5   Thumb Code     0  entry5.o(.ARM.Collect$$$$00000004)
    _main_clock                              0x080000f5   Thumb Code     0  entry7b.o(.ARM.Collect$$$$00000008)
    _main_cpp_init                           0x080000f5   Thumb Code     0  entry8b.o(.ARM.Collect$$$$0000000A)
    _main_init                               0x080000f5   Thumb Code     0  entry9a.o(.ARM.Collect$$$$0000000B)
    __rt_final_cpp                           0x080000fd   Thumb Code     0  entry10a.o(.ARM.Collect$$$$0000000D)
    __rt_final_exit                          0x080000fd   Thumb Code     0  entry11a.o(.ARM.Collect$$$$0000000F)
    SVC_Handler                              0x08000101   Thumb Code    32  port.o(.emb_text)
    __asm___6_port_c_39a90d8d__prvStartFirstTask 0x08000125   Thumb Code    28  port.o(.emb_text)
    PendSV_Handler                           0x08000145   Thumb Code    72  port.o(.emb_text)
    vPortGetIPSR                             0x08000191   Thumb Code     6  port.o(.emb_text)
    Reset_Handler                            0x08000199   Thumb Code     8  startup_stm32f103xb.o(.text)
    CAN1_RX1_IRQHandler                      0x080001b3   Thumb Code     0  startup_stm32f103xb.o(.text)
    CAN1_SCE_IRQHandler                      0x080001b3   Thumb Code     0  startup_stm32f103xb.o(.text)
    DMA1_Channel1_IRQHandler                 0x080001b3   Thumb Code     0  startup_stm32f103xb.o(.text)
    DMA1_Channel2_IRQHandler                 0x080001b3   Thumb Code     0  startup_stm32f103xb.o(.text)
    DMA1_Channel3_IRQHandler                 0x080001b3   Thumb Code     0  startup_stm32f103xb.o(.text)
    DMA1_Channel6_IRQHandler                 0x080001b3   Thumb Code     0  startup_stm32f103xb.o(.text)
    DMA1_Channel7_IRQHandler                 0x080001b3   Thumb Code     0  startup_stm32f103xb.o(.text)
    EXTI0_IRQHandler                         0x080001b3   Thumb Code     0  startup_stm32f103xb.o(.text)
    EXTI15_10_IRQHandler                     0x080001b3   Thumb Code     0  startup_stm32f103xb.o(.text)
    EXTI1_IRQHandler                         0x080001b3   Thumb Code     0  startup_stm32f103xb.o(.text)
    EXTI2_IRQHandler                         0x080001b3   Thumb Code     0  startup_stm32f103xb.o(.text)
    EXTI3_IRQHandler                         0x080001b3   Thumb Code     0  startup_stm32f103xb.o(.text)
    EXTI4_IRQHandler                         0x080001b3   Thumb Code     0  startup_stm32f103xb.o(.text)
    EXTI9_5_IRQHandler                       0x080001b3   Thumb Code     0  startup_stm32f103xb.o(.text)
    FLASH_IRQHandler                         0x080001b3   Thumb Code     0  startup_stm32f103xb.o(.text)
    I2C1_ER_IRQHandler                       0x080001b3   Thumb Code     0  startup_stm32f103xb.o(.text)
    I2C1_EV_IRQHandler                       0x080001b3   Thumb Code     0  startup_stm32f103xb.o(.text)
    I2C2_ER_IRQHandler                       0x080001b3   Thumb Code     0  startup_stm32f103xb.o(.text)
    I2C2_EV_IRQHandler                       0x080001b3   Thumb Code     0  startup_stm32f103xb.o(.text)
    PVD_IRQHandler                           0x080001b3   Thumb Code     0  startup_stm32f103xb.o(.text)
    RCC_IRQHandler                           0x080001b3   Thumb Code     0  startup_stm32f103xb.o(.text)
    RTC_Alarm_IRQHandler                     0x080001b3   Thumb Code     0  startup_stm32f103xb.o(.text)
    RTC_IRQHandler                           0x080001b3   Thumb Code     0  startup_stm32f103xb.o(.text)
    SPI1_IRQHandler                          0x080001b3   Thumb Code     0  startup_stm32f103xb.o(.text)
    SPI2_IRQHandler                          0x080001b3   Thumb Code     0  startup_stm32f103xb.o(.text)
    TAMPER_IRQHandler                        0x080001b3   Thumb Code     0  startup_stm32f103xb.o(.text)
    TIM1_BRK_IRQHandler                      0x080001b3   Thumb Code     0  startup_stm32f103xb.o(.text)
    TIM1_CC_IRQHandler                       0x080001b3   Thumb Code     0  startup_stm32f103xb.o(.text)
    TIM1_TRG_COM_IRQHandler                  0x080001b3   Thumb Code     0  startup_stm32f103xb.o(.text)
    TIM1_UP_IRQHandler                       0x080001b3   Thumb Code     0  startup_stm32f103xb.o(.text)
    TIM2_IRQHandler                          0x080001b3   Thumb Code     0  startup_stm32f103xb.o(.text)
    TIM3_IRQHandler                          0x080001b3   Thumb Code     0  startup_stm32f103xb.o(.text)
    USART2_IRQHandler                        0x080001b3   Thumb Code     0  startup_stm32f103xb.o(.text)
    USART3_IRQHandler                        0x080001b3   Thumb Code     0  startup_stm32f103xb.o(.text)
    USBWakeUp_IRQHandler                     0x080001b3   Thumb Code     0  startup_stm32f103xb.o(.text)
    USB_HP_CAN1_TX_IRQHandler                0x080001b3   Thumb Code     0  startup_stm32f103xb.o(.text)
    USB_LP_CAN1_RX0_IRQHandler               0x080001b3   Thumb Code     0  startup_stm32f103xb.o(.text)
    WWDG_IRQHandler                          0x080001b3   Thumb Code     0  startup_stm32f103xb.o(.text)
    __aeabi_llsr                             0x080001bd   Thumb Code    32  llushr.o(.text)
    _ll_ushift_r                             0x080001bd   Thumb Code     0  llushr.o(.text)
    __aeabi_memcpy                           0x080001dd   Thumb Code    36  memcpya.o(.text)
    __aeabi_memcpy4                          0x080001dd   Thumb Code     0  memcpya.o(.text)
    __aeabi_memcpy8                          0x080001dd   Thumb Code     0  memcpya.o(.text)
    __aeabi_memset                           0x08000201   Thumb Code    14  memseta.o(.text)
    __aeabi_memset4                          0x08000201   Thumb Code     0  memseta.o(.text)
    __aeabi_memset8                          0x08000201   Thumb Code     0  memseta.o(.text)
    __aeabi_memclr                           0x0800020f   Thumb Code     4  memseta.o(.text)
    __aeabi_memclr4                          0x0800020f   Thumb Code     0  memseta.o(.text)
    __aeabi_memclr8                          0x0800020f   Thumb Code     0  memseta.o(.text)
    memset                                   0x08000213   Thumb Code    18  memseta.o(.text)
    sscanf                                   0x08000225   Thumb Code    48  sscanf.o(.text)
    __aeabi_f2d                              0x0800025d   Thumb Code    38  f2d.o(.text)
    __aeabi_uidiv                            0x08000283   Thumb Code     0  uidiv.o(.text)
    __aeabi_uidivmod                         0x08000283   Thumb Code    44  uidiv.o(.text)
    __aeabi_uldivmod                         0x080002af   Thumb Code    98  uldiv.o(.text)
    _scanf_longlong                          0x08000311   Thumb Code   342  _scanf_longlong.o(.text)
    _scanf_int                               0x08000467   Thumb Code   332  _scanf_int.o(.text)
    _scanf_string                            0x080005b3   Thumb Code   224  _scanf_str.o(.text)
    _scanf_real                              0x080007bd   Thumb Code     0  scanf_fp.o(.text)
    _scanf_really_real                       0x080007bd   Thumb Code   556  scanf_fp.o(.text)
    __vfscanf_char                           0x08000a01   Thumb Code    20  scanf_char.o(.text)
    _sgetc                                   0x08000a1d   Thumb Code    30  _sgetc.o(.text)
    _sbackspace                              0x08000a3b   Thumb Code    34  _sgetc.o(.text)
    __I$use$fp                               0x08000a5d   Thumb Code     0  iusefp.o(.text)
    __aeabi_dadd                             0x08000a5d   Thumb Code   322  dadd.o(.text)
    __aeabi_dsub                             0x08000b9f   Thumb Code     6  dadd.o(.text)
    __aeabi_drsub                            0x08000ba5   Thumb Code     6  dadd.o(.text)
    __aeabi_dmul                             0x08000bab   Thumb Code   228  dmul.o(.text)
    __aeabi_ddiv                             0x08000c8f   Thumb Code   222  ddiv.o(.text)
    __aeabi_d2ulz                            0x08000d6d   Thumb Code    48  dfixul.o(.text)
    __aeabi_cdrcmple                         0x08000d9d   Thumb Code    48  cdrcmple.o(.text)
    __scatterload                            0x08000dcd   Thumb Code    28  init.o(.text)
    __scatterload_rt2                        0x08000dcd   Thumb Code     0  init.o(.text)
    __aeabi_llsl                             0x08000df1   Thumb Code    30  llshl.o(.text)
    _ll_shift_l                              0x08000df1   Thumb Code     0  llshl.o(.text)
    __aeabi_lasr                             0x08000e0f   Thumb Code    36  llsshr.o(.text)
    _ll_sshift_r                             0x08000e0f   Thumb Code     0  llsshr.o(.text)
    isspace                                  0x08000e33   Thumb Code    10  isspace_c.o(.text)
    _chval                                   0x08000e3d   Thumb Code    28  _chval.o(.text)
    __vfscanf                                0x08000e59   Thumb Code   808  _scanf.o(.text)
    _double_round                            0x08001185   Thumb Code    30  depilogue.o(.text)
    _double_epilogue                         0x080011a3   Thumb Code   156  depilogue.o(.text)
    __aeabi_ul2d                             0x0800123f   Thumb Code    24  dfltul.o(.text)
    __aeabi_d2f                              0x08001257   Thumb Code    56  d2f.o(.text)
    __ctype_lookup                           0x08001291   Thumb Code    34  ctype_c.o(.text)
    _float_round                             0x080012b9   Thumb Code    18  fepilogue.o(.text)
    _float_epilogue                          0x080012cb   Thumb Code    92  fepilogue.o(.text)
    ADC1_2_IRQHandler                        0x08001329   Thumb Code     6  stm32f1xx_it.o(i.ADC1_2_IRQHandler)
    ADC_ConversionStop_Disable               0x08001335   Thumb Code    86  stm32f1xx_hal_adc.o(i.ADC_ConversionStop_Disable)
    ADC_Enable                               0x0800138d   Thumb Code   114  stm32f1xx_hal_adc.o(i.ADC_Enable)
    APP_DMAData                              0x08001409   Thumb Code   192  freertos.o(i.APP_DMAData)
    AppTaskShow                              0x0800155d   Thumb Code   114  freertos.o(i.AppTaskShow)
    BusFault_Handler                         0x080015f1   Thumb Code     2  stm32f1xx_it.o(i.BusFault_Handler)
    DMA1_Channel4_IRQHandler                 0x080015f5   Thumb Code     6  stm32f1xx_it.o(i.DMA1_Channel4_IRQHandler)
    DMA1_Channel5_IRQHandler                 0x08001601   Thumb Code     6  stm32f1xx_it.o(i.DMA1_Channel5_IRQHandler)
    DebugMon_Handler                         0x08001637   Thumb Code     2  stm32f1xx_it.o(i.DebugMon_Handler)
    Error_Handler                            0x08001639   Thumb Code     4  main.o(i.Error_Handler)
    GUI_DrawFont16                           0x0800163d   Thumb Code   222  gui.o(i.GUI_DrawFont16)
    GUI_DrawFont24                           0x08001729   Thumb Code   226  gui.o(i.GUI_DrawFont24)
    GUI_DrawFont32                           0x08001819   Thumb Code   222  gui.o(i.GUI_DrawFont32)
    HAL_ADCEx_InjectedConvCpltCallback       0x08001905   Thumb Code     2  stm32f1xx_hal_adc_ex.o(i.HAL_ADCEx_InjectedConvCpltCallback)
    HAL_ADC_ConfigChannel                    0x08001909   Thumb Code   240  stm32f1xx_hal_adc.o(i.HAL_ADC_ConfigChannel)
    HAL_ADC_ConvCpltCallback                 0x08001a05   Thumb Code    58  freertos.o(i.HAL_ADC_ConvCpltCallback)
    HAL_ADC_GetValue                         0x08001a4d   Thumb Code     6  stm32f1xx_hal_adc.o(i.HAL_ADC_GetValue)
    HAL_ADC_IRQHandler                       0x08001a53   Thumb Code   220  stm32f1xx_hal_adc.o(i.HAL_ADC_IRQHandler)
    HAL_ADC_Init                             0x08001b31   Thumb Code   272  stm32f1xx_hal_adc.o(i.HAL_ADC_Init)
    HAL_ADC_LevelOutOfWindowCallback         0x08001c4d   Thumb Code     2  stm32f1xx_hal_adc.o(i.HAL_ADC_LevelOutOfWindowCallback)
    HAL_ADC_MspInit                          0x08001c51   Thumb Code    92  adc.o(i.HAL_ADC_MspInit)
    HAL_ADC_Start_IT                         0x08001cb9   Thumb Code   194  stm32f1xx_hal_adc.o(i.HAL_ADC_Start_IT)
    HAL_DMA_Abort                            0x08001d85   Thumb Code    70  stm32f1xx_hal_dma.o(i.HAL_DMA_Abort)
    HAL_DMA_Abort_IT                         0x08001dcd   Thumb Code   148  stm32f1xx_hal_dma.o(i.HAL_DMA_Abort_IT)
    HAL_DMA_IRQHandler                       0x08001e65   Thumb Code   316  stm32f1xx_hal_dma.o(i.HAL_DMA_IRQHandler)
    HAL_DMA_Init                             0x08001fb9   Thumb Code    84  stm32f1xx_hal_dma.o(i.HAL_DMA_Init)
    HAL_DMA_Start_IT                         0x08002015   Thumb Code   112  stm32f1xx_hal_dma.o(i.HAL_DMA_Start_IT)
    HAL_Delay                                0x08002085   Thumb Code    32  stm32f1xx_hal.o(i.HAL_Delay)
    HAL_GPIO_Init                            0x080020a9   Thumb Code   446  stm32f1xx_hal_gpio.o(i.HAL_GPIO_Init)
    HAL_GPIO_WritePin                        0x08002289   Thumb Code    10  stm32f1xx_hal_gpio.o(i.HAL_GPIO_WritePin)
    HAL_GetTick                              0x08002295   Thumb Code     6  stm32f1xx_hal.o(i.HAL_GetTick)
    HAL_IncTick                              0x080022a1   Thumb Code    12  stm32f1xx_hal.o(i.HAL_IncTick)
    HAL_Init                                 0x080022b1   Thumb Code    32  stm32f1xx_hal.o(i.HAL_Init)
    HAL_InitTick                             0x080022d5   Thumb Code   132  stm32f1xx_hal_timebase_tim.o(i.HAL_InitTick)
    HAL_MspInit                              0x0800236d   Thumb Code    62  stm32f1xx_hal_msp.o(i.HAL_MspInit)
    HAL_NVIC_EnableIRQ                       0x080023b5   Thumb Code    26  stm32f1xx_hal_cortex.o(i.HAL_NVIC_EnableIRQ)
    HAL_NVIC_SetPriority                     0x080023d1   Thumb Code    60  stm32f1xx_hal_cortex.o(i.HAL_NVIC_SetPriority)
    HAL_NVIC_SetPriorityGrouping             0x08002411   Thumb Code    26  stm32f1xx_hal_cortex.o(i.HAL_NVIC_SetPriorityGrouping)
    HAL_RCCEx_PeriphCLKConfig                0x08002435   Thumb Code   224  stm32f1xx_hal_rcc_ex.o(i.HAL_RCCEx_PeriphCLKConfig)
    HAL_RCC_ClockConfig                      0x08002521   Thumb Code   280  stm32f1xx_hal_rcc.o(i.HAL_RCC_ClockConfig)
    HAL_RCC_GetClockConfig                   0x0800264d   Thumb Code    54  stm32f1xx_hal_rcc.o(i.HAL_RCC_GetClockConfig)
    HAL_RCC_GetPCLK1Freq                     0x0800268d   Thumb Code    20  stm32f1xx_hal_rcc.o(i.HAL_RCC_GetPCLK1Freq)
    HAL_RCC_GetPCLK2Freq                     0x080026ad   Thumb Code    20  stm32f1xx_hal_rcc.o(i.HAL_RCC_GetPCLK2Freq)
    HAL_RCC_GetSysClockFreq                  0x080026cd   Thumb Code    58  stm32f1xx_hal_rcc.o(i.HAL_RCC_GetSysClockFreq)
    HAL_RCC_OscConfig                        0x08002719   Thumb Code   778  stm32f1xx_hal_rcc.o(i.HAL_RCC_OscConfig)
    HAL_TIMEx_BreakCallback                  0x08002a39   Thumb Code     2  stm32f1xx_hal_tim_ex.o(i.HAL_TIMEx_BreakCallback)
    HAL_TIMEx_CommutCallback                 0x08002a3b   Thumb Code     2  stm32f1xx_hal_tim_ex.o(i.HAL_TIMEx_CommutCallback)
    HAL_TIMEx_MasterConfigSynchronization    0x08002a3d   Thumb Code    92  stm32f1xx_hal_tim_ex.o(i.HAL_TIMEx_MasterConfigSynchronization)
    HAL_TIM_Base_Init                        0x08002aa5   Thumb Code    90  stm32f1xx_hal_tim.o(i.HAL_TIM_Base_Init)
    HAL_TIM_Base_MspInit                     0x08002b01   Thumb Code    30  tim.o(i.HAL_TIM_Base_MspInit)
    HAL_TIM_Base_Start_IT                    0x08002b29   Thumb Code    76  stm32f1xx_hal_tim.o(i.HAL_TIM_Base_Start_IT)
    HAL_TIM_ConfigClockSource                0x08002b81   Thumb Code   220  stm32f1xx_hal_tim.o(i.HAL_TIM_ConfigClockSource)
    HAL_TIM_IC_CaptureCallback               0x08002c5d   Thumb Code     2  stm32f1xx_hal_tim.o(i.HAL_TIM_IC_CaptureCallback)
    HAL_TIM_IRQHandler                       0x08002c5f   Thumb Code   358  stm32f1xx_hal_tim.o(i.HAL_TIM_IRQHandler)
    HAL_TIM_OC_DelayElapsedCallback          0x08002dc5   Thumb Code     2  stm32f1xx_hal_tim.o(i.HAL_TIM_OC_DelayElapsedCallback)
    HAL_TIM_PWM_PulseFinishedCallback        0x08002dc7   Thumb Code     2  stm32f1xx_hal_tim.o(i.HAL_TIM_PWM_PulseFinishedCallback)
    HAL_TIM_PeriodElapsedCallback            0x08002dc9   Thumb Code    14  main.o(i.HAL_TIM_PeriodElapsedCallback)
    HAL_TIM_TriggerCallback                  0x08002ddd   Thumb Code     2  stm32f1xx_hal_tim.o(i.HAL_TIM_TriggerCallback)
    HAL_UARTEx_ReceiveToIdle_DMA             0x08002ddf   Thumb Code    78  stm32f1xx_hal_uart.o(i.HAL_UARTEx_ReceiveToIdle_DMA)
    HAL_UARTEx_RxEventCallback               0x08002e2d   Thumb Code    94  freertos.o(i.HAL_UARTEx_RxEventCallback)
    HAL_UART_ErrorCallback                   0x08002e9d   Thumb Code     2  stm32f1xx_hal_uart.o(i.HAL_UART_ErrorCallback)
    HAL_UART_IRQHandler                      0x08002ea1   Thumb Code   616  stm32f1xx_hal_uart.o(i.HAL_UART_IRQHandler)
    HAL_UART_Init                            0x0800310d   Thumb Code   100  stm32f1xx_hal_uart.o(i.HAL_UART_Init)
    HAL_UART_MspInit                         0x08003171   Thumb Code   200  usart.o(i.HAL_UART_MspInit)
    HAL_UART_RxCpltCallback                  0x0800324d   Thumb Code     2  stm32f1xx_hal_uart.o(i.HAL_UART_RxCpltCallback)
    HAL_UART_RxHalfCpltCallback              0x0800324f   Thumb Code     2  stm32f1xx_hal_uart.o(i.HAL_UART_RxHalfCpltCallback)
    HAL_UART_Transmit                        0x08003251   Thumb Code   154  stm32f1xx_hal_uart.o(i.HAL_UART_Transmit)
    HAL_UART_TxCpltCallback                  0x080032eb   Thumb Code     2  stm32f1xx_hal_uart.o(i.HAL_UART_TxCpltCallback)
    HardFault_Handler                        0x080032ed   Thumb Code     2  stm32f1xx_it.o(i.HardFault_Handler)
    LCD_Clear                                0x080032f1   Thumb Code    78  lcd.o(i.LCD_Clear)
    LCD_DrawPoint                            0x08003349   Thumb Code    18  lcd.o(i.LCD_DrawPoint)
    LCD_Init                                 0x08003361   Thumb Code   564  lcd.o(i.LCD_Init)
    LCD_RESET                                0x08003599   Thumb Code    30  lcd.o(i.LCD_RESET)
    LCD_SetCursor                            0x080035bd   Thumb Code     8  lcd.o(i.LCD_SetCursor)
    LCD_SetWindows                           0x080035c5   Thumb Code    84  lcd.o(i.LCD_SetWindows)
    LCD_ShowChar                             0x0800361d   Thumb Code   246  gui.o(i.LCD_ShowChar)
    LCD_ShowNum                              0x08003725   Thumb Code   124  gui.o(i.LCD_ShowNum)
    LCD_ShowString                           0x080037a9   Thumb Code    82  gui.o(i.LCD_ShowString)
    LCD_WR_DATA                              0x08003809   Thumb Code    24  lcd.o(i.LCD_WR_DATA)
    LCD_WR_REG                               0x08003825   Thumb Code    24  lcd.o(i.LCD_WR_REG)
    LCD_WriteRAM_Prepare                     0x08003841   Thumb Code     8  lcd.o(i.LCD_WriteRAM_Prepare)
    LCD_WriteReg                             0x0800384d   Thumb Code    18  lcd.o(i.LCD_WriteReg)
    LCD_direction                            0x08003861   Thumb Code    70  lcd.o(i.LCD_direction)
    Lcd_WriteData_16Bit                      0x080038ad   Thumb Code    34  lcd.o(i.Lcd_WriteData_16Bit)
    MX_ADC1_Init                             0x080038d5   Thumb Code    70  adc.o(i.MX_ADC1_Init)
    MX_DMA_Init                              0x08003925   Thumb Code    56  dma.o(i.MX_DMA_Init)
    MX_FREERTOS_Init                         0x08003961   Thumb Code    74  freertos.o(i.MX_FREERTOS_Init)
    MX_GPIO_Init                             0x080039bd   Thumb Code   168  gpio.o(i.MX_GPIO_Init)
    MX_TIM3_Init                             0x08003a75   Thumb Code    98  tim.o(i.MX_TIM3_Init)
    MX_USART1_UART_Init                      0x08003ae1   Thumb Code    48  usart.o(i.MX_USART1_UART_Init)
    MemManage_Handler                        0x08003b19   Thumb Code     2  stm32f1xx_it.o(i.MemManage_Handler)
    NMI_Handler                              0x08003b1b   Thumb Code     2  stm32f1xx_it.o(i.NMI_Handler)
    SPIv_WriteData                           0x08003b1d   Thumb Code    42  spi.o(i.SPIv_WriteData)
    Show_Str                                 0x08003b4d   Thumb Code   200  gui.o(i.Show_Str)
    SysTick_Handler                          0x08003c19   Thumb Code    38  port.o(i.SysTick_Handler)
    SystemClock_Config                       0x08003c45   Thumb Code   118  main.o(i.SystemClock_Config)
    SystemInit                               0x08003cbb   Thumb Code     2  system_stm32f1xx.o(i.SystemInit)
    TIM4_IRQHandler                          0x08003cbd   Thumb Code     6  stm32f1xx_it.o(i.TIM4_IRQHandler)
    TIM_Base_SetConfig                       0x08003cc9   Thumb Code    94  stm32f1xx_hal_tim.o(i.TIM_Base_SetConfig)
    TIM_ETR_SetConfig                        0x08003d35   Thumb Code    20  stm32f1xx_hal_tim.o(i.TIM_ETR_SetConfig)
    UART_Start_Receive_DMA                   0x08004081   Thumb Code   130  stm32f1xx_hal_uart.o(i.UART_Start_Receive_DMA)
    USART1_IRQHandler                        0x08004189   Thumb Code     6  stm32f1xx_it.o(i.USART1_IRQHandler)
    UsageFault_Handler                       0x08004195   Thumb Code     2  stm32f1xx_it.o(i.UsageFault_Handler)
    __0printf                                0x08004199   Thumb Code    22  printfa.o(i.__0printf)
    __1printf                                0x08004199   Thumb Code     0  printfa.o(i.__0printf)
    __2printf                                0x08004199   Thumb Code     0  printfa.o(i.__0printf)
    __c89printf                              0x08004199   Thumb Code     0  printfa.o(i.__0printf)
    printf                                   0x08004199   Thumb Code     0  printfa.o(i.__0printf)
    __0sprintf                               0x080041b9   Thumb Code    34  printfa.o(i.__0sprintf)
    __1sprintf                               0x080041b9   Thumb Code     0  printfa.o(i.__0sprintf)
    __2sprintf                               0x080041b9   Thumb Code     0  printfa.o(i.__0sprintf)
    __c89sprintf                             0x080041b9   Thumb Code     0  printfa.o(i.__0sprintf)
    sprintf                                  0x080041b9   Thumb Code     0  printfa.o(i.__0sprintf)
    __scatterload_copy                       0x08004201   Thumb Code    14  handlers.o(i.__scatterload_copy)
    __scatterload_null                       0x0800420f   Thumb Code     2  handlers.o(i.__scatterload_null)
    __scatterload_zeroinit                   0x08004211   Thumb Code    14  handlers.o(i.__scatterload_zeroinit)
    _is_digit                                0x080043a5   Thumb Code    14  scanf_fp.o(i._is_digit)
    fputc                                    0x08004aed   Thumb Code    20  usart.o(i.fputc)
    main                                     0x08004b05   Thumb Code    96  main.o(i.main)
    mypow                                    0x08004b81   Thumb Code    16  gui.o(i.mypow)
    osDelay                                  0x08004b91   Thumb Code    46  cmsis_os2.o(i.osDelay)
    osKernelInitialize                       0x08004bc5   Thumb Code    50  cmsis_os2.o(i.osKernelInitialize)
    osKernelStart                            0x08004bfd   Thumb Code    58  cmsis_os2.o(i.osKernelStart)
    osSemaphoreNew                           0x08004c3d   Thumb Code   172  cmsis_os2.o(i.osSemaphoreNew)
    osThreadNew                              0x08004ced   Thumb Code   160  cmsis_os2.o(i.osThreadNew)
    pvPortMalloc                             0x080054d5   Thumb Code   210  heap_4.o(i.pvPortMalloc)
    pvTaskIncrementMutexHeldCount            0x080055ad   Thumb Code    18  tasks.o(i.pvTaskIncrementMutexHeldCount)
    pxPortInitialiseStack                    0x080055c5   Thumb Code    32  port.o(i.pxPortInitialiseStack)
    uxListRemove                             0x080055e9   Thumb Code    38  list.o(i.uxListRemove)
    vApplicationGetIdleTaskMemory            0x08005611   Thumb Code    16  cmsis_os2.o(i.vApplicationGetIdleTaskMemory)
    vApplicationGetTimerTaskMemory           0x08005625   Thumb Code    18  cmsis_os2.o(i.vApplicationGetTimerTaskMemory)
    vListInitialise                          0x0800563d   Thumb Code    22  list.o(i.vListInitialise)
    vListInitialiseItem                      0x08005653   Thumb Code     6  list.o(i.vListInitialiseItem)
    vListInsert                              0x08005659   Thumb Code    48  list.o(i.vListInsert)
    vListInsertEnd                           0x08005689   Thumb Code    24  list.o(i.vListInsertEnd)
    vPortEnterCritical                       0x080056a1   Thumb Code    54  port.o(i.vPortEnterCritical)
    vPortExitCritical                        0x080056e1   Thumb Code    34  port.o(i.vPortExitCritical)
    vPortFree                                0x08005709   Thumb Code    88  heap_4.o(i.vPortFree)
    vPortSetupTimerInterrupt                 0x08005765   Thumb Code    32  port.o(i.vPortSetupTimerInterrupt)
    vPortValidateInterruptPriority           0x08005789   Thumb Code    74  port.o(i.vPortValidateInterruptPriority)
    vQueueAddToRegistry                      0x080057dd   Thumb Code    34  queue.o(i.vQueueAddToRegistry)
    vQueueDelete                             0x08005805   Thumb Code    46  queue.o(i.vQueueDelete)
    vQueueUnregisterQueue                    0x08005835   Thumb Code    36  queue.o(i.vQueueUnregisterQueue)
    vQueueWaitForMessageRestricted           0x0800585d   Thumb Code    68  queue.o(i.vQueueWaitForMessageRestricted)
    vTaskDelay                               0x080058a1   Thumb Code    66  tasks.o(i.vTaskDelay)
    vTaskInternalSetTimeOutState             0x080058ed   Thumb Code    12  tasks.o(i.vTaskInternalSetTimeOutState)
    vTaskMissedYield                         0x080058fd   Thumb Code     8  tasks.o(i.vTaskMissedYield)
    vTaskPlaceOnEventList                    0x08005909   Thumb Code    44  tasks.o(i.vTaskPlaceOnEventList)
    vTaskPlaceOnEventListRestricted          0x08005939   Thumb Code    52  tasks.o(i.vTaskPlaceOnEventListRestricted)
    vTaskPriorityDisinheritAfterTimeout      0x08005971   Thumb Code   134  tasks.o(i.vTaskPriorityDisinheritAfterTimeout)
    vTaskStartScheduler                      0x08005a01   Thumb Code   118  tasks.o(i.vTaskStartScheduler)
    vTaskSuspendAll                          0x08005a89   Thumb Code    10  tasks.o(i.vTaskSuspendAll)
    vTaskSwitchContext                       0x08005a99   Thumb Code    90  tasks.o(i.vTaskSwitchContext)
    xPortStartScheduler                      0x08005afd   Thumb Code   154  port.o(i.xPortStartScheduler)
    xQueueCreateCountingSemaphore            0x08005ba5   Thumb Code    58  queue.o(i.xQueueCreateCountingSemaphore)
    xQueueCreateCountingSemaphoreStatic      0x08005bdf   Thumb Code    64  queue.o(i.xQueueCreateCountingSemaphoreStatic)
    xQueueGenericCreate                      0x08005c1f   Thumb Code    72  queue.o(i.xQueueGenericCreate)
    xQueueGenericCreateStatic                0x08005c67   Thumb Code   102  queue.o(i.xQueueGenericCreateStatic)
    xQueueGenericReset                       0x08005ccd   Thumb Code   132  queue.o(i.xQueueGenericReset)
    xQueueGenericSend                        0x08005d55   Thumb Code   346  queue.o(i.xQueueGenericSend)
    xQueueGenericSendFromISR                 0x08005eb5   Thumb Code   188  queue.o(i.xQueueGenericSendFromISR)
    xQueueGiveFromISR                        0x08005f71   Thumb Code   156  queue.o(i.xQueueGiveFromISR)
    xQueueReceive                            0x0800600d   Thumb Code   308  queue.o(i.xQueueReceive)
    xQueueSemaphoreTake                      0x08006145   Thumb Code   372  queue.o(i.xQueueSemaphoreTake)
    xTaskCheckForTimeOut                     0x080062bd   Thumb Code   112  tasks.o(i.xTaskCheckForTimeOut)
    xTaskCreate                              0x08006331   Thumb Code    90  tasks.o(i.xTaskCreate)
    xTaskCreateStatic                        0x0800638b   Thumb Code    86  tasks.o(i.xTaskCreateStatic)
    xTaskGetSchedulerState                   0x080063e1   Thumb Code    22  tasks.o(i.xTaskGetSchedulerState)
    xTaskGetTickCount                        0x080063fd   Thumb Code     6  tasks.o(i.xTaskGetTickCount)
    xTaskIncrementTick                       0x08006409   Thumb Code   190  tasks.o(i.xTaskIncrementTick)
    xTaskPriorityDisinherit                  0x080064d1   Thumb Code   118  tasks.o(i.xTaskPriorityDisinherit)
    xTaskPriorityInherit                     0x08006551   Thumb Code   112  tasks.o(i.xTaskPriorityInherit)
    xTaskRemoveFromEventList                 0x080065c9   Thumb Code    98  tasks.o(i.xTaskRemoveFromEventList)
    xTaskResumeAll                           0x08006639   Thumb Code   182  tasks.o(i.xTaskResumeAll)
    xTimerCreateTimerTask                    0x080066fd   Thumb Code    78  timers.o(i.xTimerCreateTimerTask)
    xTimerGenericCommand                     0x0800675d   Thumb Code    98  timers.o(i.xTimerGenericCommand)
    TaskShow_attributes                      0x080067c4   Data          36  freertos.o(.constdata)
    DMAData_attributes                       0x080067e8   Data          36  freertos.o(.constdata)
    myBinSem_DataReady_attributes            0x0800680c   Data          16  freertos.o(.constdata)
    myBinDMA_attributes                      0x0800681c   Data          16  freertos.o(.constdata)
    Sem_Tables_attributes                    0x0800682c   Data          16  freertos.o(.constdata)
    asc2_1206                                0x0800683c   Data        1140  gui.o(.constdata)
    asc2_1608                                0x08006cb0   Data        1520  gui.o(.constdata)
    tfont16                                  0x080072a0   Data        2108  gui.o(.constdata)
    tfont24                                  0x08007adc   Data         518  gui.o(.constdata)
    tfont32                                  0x08007ce2   Data         520  gui.o(.constdata)
    AHBPrescTable                            0x08007efc   Data          16  system_stm32f1xx.o(.constdata)
    APBPrescTable                            0x08007f0c   Data           8  system_stm32f1xx.o(.constdata)
    __ctype_categories                       0x08007f14   Data          64  ctype_c.o(.constdata)
    Region$$Table$$Base                      0x08007f94   Number         0  anon$$obj.o(Region$$Table)
    Region$$Table$$Limit                     0x08007fb4   Number         0  anon$$obj.o(Region$$Table)
    P_value                                  0x20000000   Data           4  freertos.o(.data)
    I_value                                  0x20000004   Data           4  freertos.o(.data)
    D_value                                  0x20000008   Data           4  freertos.o(.data)
    adc_value                                0x2000000c   Data           4  freertos.o(.data)
    voltage                                  0x20000010   Data           4  freertos.o(.data)
    TaskShowHandle                           0x20000014   Data           4  freertos.o(.data)
    DMADataHandle                            0x20000018   Data           4  freertos.o(.data)
    myBinSem_DataReadyHandle                 0x2000001c   Data           4  freertos.o(.data)
    myBinDMAHandle                           0x20000020   Data           4  freertos.o(.data)
    Sem_TablesHandle                         0x20000024   Data           4  freertos.o(.data)
    POINT_COLOR                              0x20000028   Data           2  lcd.o(.data)
    BACK_COLOR                               0x2000002a   Data           2  lcd.o(.data)
    uwTickFreq                               0x2000002c   Data           1  stm32f1xx_hal.o(.data)
    uwTickPrio                               0x20000030   Data           4  stm32f1xx_hal.o(.data)
    uwTick                                   0x20000034   Data           4  stm32f1xx_hal.o(.data)
    SystemCoreClock                          0x20000038   Data           4  system_stm32f1xx.o(.data)
    pxCurrentTCB                             0x2000003c   Data           4  tasks.o(.data)
    __stdout                                 0x200000b4   Data           4  stdout.o(.data)
    xUSART1                                  0x200000b8   Data        1026  main.o(.bss)
    hadc1                                    0x200004bc   Data          48  adc.o(.bss)
    htim3                                    0x200004ec   Data          72  tim.o(.bss)
    huart1                                   0x20000534   Data          72  usart.o(.bss)
    hdma_usart1_rx                           0x2000057c   Data          68  usart.o(.bss)
    hdma_usart1_tx                           0x200005c0   Data          68  usart.o(.bss)
    htim4                                    0x20000604   Data          72  stm32f1xx_hal_timebase_tim.o(.bss)
    lcddev                                   0x2000064c   Data          14  lcd.o(.bss)
    xQueueRegistry                           0x2000065c   Data          64  queue.o(.bss)
    __initial_sp                             0x20002330   Data           0  startup_stm32f103xb.o(STACK)



==============================================================================

Memory Map of the image

  Image Entry point : 0x080000ed

  Load Region LR_IROM1 (Base: 0x08000000, Size: 0x0000806c, Max: 0x00010000, ABSOLUTE)

    Execution Region ER_IROM1 (Exec base: 0x08000000, Load base: 0x08000000, Size: 0x00007fb4, Max: 0x00010000, ABSOLUTE)

    Exec Addr    Load Addr    Size         Type   Attr      Idx    E Section Name        Object

    0x08000000   0x08000000   0x000000ec   Data   RO            3    RESET               startup_stm32f103xb.o
    0x080000ec   0x080000ec   0x00000000   Code   RO         5251  * .ARM.Collect$$$$00000000  mc_w.l(entry.o)
    0x080000ec   0x080000ec   0x00000004   Code   RO         5531    .ARM.Collect$$$$00000001  mc_w.l(entry2.o)
    0x080000f0   0x080000f0   0x00000004   Code   RO         5534    .ARM.Collect$$$$00000004  mc_w.l(entry5.o)
    0x080000f4   0x080000f4   0x00000000   Code   RO         5536    .ARM.Collect$$$$00000008  mc_w.l(entry7b.o)
    0x080000f4   0x080000f4   0x00000000   Code   RO         5538    .ARM.Collect$$$$0000000A  mc_w.l(entry8b.o)
    0x080000f4   0x080000f4   0x00000008   Code   RO         5539    .ARM.Collect$$$$0000000B  mc_w.l(entry9a.o)
    0x080000fc   0x080000fc   0x00000000   Code   RO         5541    .ARM.Collect$$$$0000000D  mc_w.l(entry10a.o)
    0x080000fc   0x080000fc   0x00000000   Code   RO         5543    .ARM.Collect$$$$0000000F  mc_w.l(entry11a.o)
    0x080000fc   0x080000fc   0x00000004   Code   RO         5532    .ARM.Collect$$$$00002712  mc_w.l(entry2.o)
    0x08000100   0x08000100   0x00000096   Code   RO         5174    .emb_text           port.o
    0x08000196   0x08000196   0x00000002   PAD
    0x08000198   0x08000198   0x00000024   Code   RO            4    .text               startup_stm32f103xb.o
    0x080001bc   0x080001bc   0x00000020   Code   RO         5254    .text               mc_w.l(llushr.o)
    0x080001dc   0x080001dc   0x00000024   Code   RO         5256    .text               mc_w.l(memcpya.o)
    0x08000200   0x08000200   0x00000024   Code   RO         5260    .text               mc_w.l(memseta.o)
    0x08000224   0x08000224   0x00000038   Code   RO         5527    .text               mc_w.l(sscanf.o)
    0x0800025c   0x0800025c   0x00000026   Code   RO         5529    .text               mf_w.l(f2d.o)
    0x08000282   0x08000282   0x0000002c   Code   RO         5546    .text               mc_w.l(uidiv.o)
    0x080002ae   0x080002ae   0x00000062   Code   RO         5548    .text               mc_w.l(uldiv.o)
    0x08000310   0x08000310   0x00000156   Code   RO         5550    .text               mc_w.l(_scanf_longlong.o)
    0x08000466   0x08000466   0x0000014c   Code   RO         5552    .text               mc_w.l(_scanf_int.o)
    0x080005b2   0x080005b2   0x000000e0   Code   RO         5554    .text               mc_w.l(_scanf_str.o)
    0x08000692   0x08000692   0x00000002   PAD
    0x08000694   0x08000694   0x00000360   Code   RO         5556    .text               mc_w.l(scanf_fp.o)
    0x080009f4   0x080009f4   0x00000028   Code   RO         5560    .text               mc_w.l(scanf_char.o)
    0x08000a1c   0x08000a1c   0x00000040   Code   RO         5562    .text               mc_w.l(_sgetc.o)
    0x08000a5c   0x08000a5c   0x00000000   Code   RO         5564    .text               mc_w.l(iusefp.o)
    0x08000a5c   0x08000a5c   0x0000014e   Code   RO         5565    .text               mf_w.l(dadd.o)
    0x08000baa   0x08000baa   0x000000e4   Code   RO         5567    .text               mf_w.l(dmul.o)
    0x08000c8e   0x08000c8e   0x000000de   Code   RO         5569    .text               mf_w.l(ddiv.o)
    0x08000d6c   0x08000d6c   0x00000030   Code   RO         5571    .text               mf_w.l(dfixul.o)
    0x08000d9c   0x08000d9c   0x00000030   Code   RO         5573    .text               mf_w.l(cdrcmple.o)
    0x08000dcc   0x08000dcc   0x00000024   Code   RO         5575    .text               mc_w.l(init.o)
    0x08000df0   0x08000df0   0x0000001e   Code   RO         5577    .text               mc_w.l(llshl.o)
    0x08000e0e   0x08000e0e   0x00000024   Code   RO         5579    .text               mc_w.l(llsshr.o)
    0x08000e32   0x08000e32   0x0000000a   Code   RO         5581    .text               mc_w.l(isspace_c.o)
    0x08000e3c   0x08000e3c   0x0000001c   Code   RO         5583    .text               mc_w.l(_chval.o)
    0x08000e58   0x08000e58   0x0000032c   Code   RO         5585    .text               mc_w.l(_scanf.o)
    0x08001184   0x08001184   0x000000ba   Code   RO         5587    .text               mf_w.l(depilogue.o)
    0x0800123e   0x0800123e   0x00000018   Code   RO         5589    .text               mf_w.l(dfltul.o)
    0x08001256   0x08001256   0x00000038   Code   RO         5591    .text               mf_w.l(d2f.o)
    0x0800128e   0x0800128e   0x00000002   PAD
    0x08001290   0x08001290   0x00000028   Code   RO         5593    .text               mc_w.l(ctype_c.o)
    0x080012b8   0x080012b8   0x0000006e   Code   RO         5596    .text               mf_w.l(fepilogue.o)
    0x08001326   0x08001326   0x00000002   PAD
    0x08001328   0x08001328   0x0000000c   Code   RO          480    i.ADC1_2_IRQHandler  stm32f1xx_it.o
    0x08001334   0x08001334   0x00000056   Code   RO         1014    i.ADC_ConversionStop_Disable  stm32f1xx_hal_adc.o
    0x0800138a   0x0800138a   0x00000002   PAD
    0x0800138c   0x0800138c   0x0000007c   Code   RO         1018    i.ADC_Enable        stm32f1xx_hal_adc.o
    0x08001408   0x08001408   0x00000154   Code   RO          251    i.APP_DMAData       freertos.o
    0x0800155c   0x0800155c   0x00000094   Code   RO          252    i.AppTaskShow       freertos.o
    0x080015f0   0x080015f0   0x00000002   Code   RO          481    i.BusFault_Handler  stm32f1xx_it.o
    0x080015f2   0x080015f2   0x00000002   PAD
    0x080015f4   0x080015f4   0x0000000c   Code   RO          482    i.DMA1_Channel4_IRQHandler  stm32f1xx_it.o
    0x08001600   0x08001600   0x0000000c   Code   RO          483    i.DMA1_Channel5_IRQHandler  stm32f1xx_it.o
    0x0800160c   0x0800160c   0x0000002a   Code   RO         1670    i.DMA_SetConfig     stm32f1xx_hal_dma.o
    0x08001636   0x08001636   0x00000002   Code   RO          484    i.DebugMon_Handler  stm32f1xx_it.o
    0x08001638   0x08001638   0x00000004   Code   RO           13    i.Error_Handler     main.o
    0x0800163c   0x0800163c   0x000000ec   Code   RO          753    i.GUI_DrawFont16    gui.o
    0x08001728   0x08001728   0x000000f0   Code   RO          754    i.GUI_DrawFont24    gui.o
    0x08001818   0x08001818   0x000000ec   Code   RO          755    i.GUI_DrawFont32    gui.o
    0x08001904   0x08001904   0x00000002   Code   RO         1196    i.HAL_ADCEx_InjectedConvCpltCallback  stm32f1xx_hal_adc_ex.o
    0x08001906   0x08001906   0x00000002   PAD
    0x08001908   0x08001908   0x000000fc   Code   RO         1020    i.HAL_ADC_ConfigChannel  stm32f1xx_hal_adc.o
    0x08001a04   0x08001a04   0x00000048   Code   RO          253    i.HAL_ADC_ConvCpltCallback  freertos.o
    0x08001a4c   0x08001a4c   0x00000006   Code   RO         1027    i.HAL_ADC_GetValue  stm32f1xx_hal_adc.o
    0x08001a52   0x08001a52   0x000000dc   Code   RO         1028    i.HAL_ADC_IRQHandler  stm32f1xx_hal_adc.o
    0x08001b2e   0x08001b2e   0x00000002   PAD
    0x08001b30   0x08001b30   0x0000011c   Code   RO         1029    i.HAL_ADC_Init      stm32f1xx_hal_adc.o
    0x08001c4c   0x08001c4c   0x00000002   Code   RO         1030    i.HAL_ADC_LevelOutOfWindowCallback  stm32f1xx_hal_adc.o
    0x08001c4e   0x08001c4e   0x00000002   PAD
    0x08001c50   0x08001c50   0x00000068   Code   RO          325    i.HAL_ADC_MspInit   adc.o
    0x08001cb8   0x08001cb8   0x000000cc   Code   RO         1037    i.HAL_ADC_Start_IT  stm32f1xx_hal_adc.o
    0x08001d84   0x08001d84   0x00000046   Code   RO         1671    i.HAL_DMA_Abort     stm32f1xx_hal_dma.o
    0x08001dca   0x08001dca   0x00000002   PAD
    0x08001dcc   0x08001dcc   0x00000098   Code   RO         1672    i.HAL_DMA_Abort_IT  stm32f1xx_hal_dma.o
    0x08001e64   0x08001e64   0x00000154   Code   RO         1676    i.HAL_DMA_IRQHandler  stm32f1xx_hal_dma.o
    0x08001fb8   0x08001fb8   0x0000005c   Code   RO         1677    i.HAL_DMA_Init      stm32f1xx_hal_dma.o
    0x08002014   0x08002014   0x00000070   Code   RO         1681    i.HAL_DMA_Start_IT  stm32f1xx_hal_dma.o
    0x08002084   0x08002084   0x00000024   Code   RO         1297    i.HAL_Delay         stm32f1xx_hal.o
    0x080020a8   0x080020a8   0x000001e0   Code   RO         1607    i.HAL_GPIO_Init     stm32f1xx_hal_gpio.o
    0x08002288   0x08002288   0x0000000a   Code   RO         1611    i.HAL_GPIO_WritePin  stm32f1xx_hal_gpio.o
    0x08002292   0x08002292   0x00000002   PAD
    0x08002294   0x08002294   0x0000000c   Code   RO         1301    i.HAL_GetTick       stm32f1xx_hal.o
    0x080022a0   0x080022a0   0x00000010   Code   RO         1307    i.HAL_IncTick       stm32f1xx_hal.o
    0x080022b0   0x080022b0   0x00000024   Code   RO         1308    i.HAL_Init          stm32f1xx_hal.o
    0x080022d4   0x080022d4   0x00000098   Code   RO          592    i.HAL_InitTick      stm32f1xx_hal_timebase_tim.o
    0x0800236c   0x0800236c   0x00000048   Code   RO          568    i.HAL_MspInit       stm32f1xx_hal_msp.o
    0x080023b4   0x080023b4   0x0000001a   Code   RO         1767    i.HAL_NVIC_EnableIRQ  stm32f1xx_hal_cortex.o
    0x080023ce   0x080023ce   0x00000002   PAD
    0x080023d0   0x080023d0   0x00000040   Code   RO         1773    i.HAL_NVIC_SetPriority  stm32f1xx_hal_cortex.o
    0x08002410   0x08002410   0x00000024   Code   RO         1774    i.HAL_NVIC_SetPriorityGrouping  stm32f1xx_hal_cortex.o
    0x08002434   0x08002434   0x000000ec   Code   RO         1569    i.HAL_RCCEx_PeriphCLKConfig  stm32f1xx_hal_rcc_ex.o
    0x08002520   0x08002520   0x0000012c   Code   RO         1465    i.HAL_RCC_ClockConfig  stm32f1xx_hal_rcc.o
    0x0800264c   0x0800264c   0x00000040   Code   RO         1469    i.HAL_RCC_GetClockConfig  stm32f1xx_hal_rcc.o
    0x0800268c   0x0800268c   0x00000020   Code   RO         1472    i.HAL_RCC_GetPCLK1Freq  stm32f1xx_hal_rcc.o
    0x080026ac   0x080026ac   0x00000020   Code   RO         1473    i.HAL_RCC_GetPCLK2Freq  stm32f1xx_hal_rcc.o
    0x080026cc   0x080026cc   0x0000004c   Code   RO         1474    i.HAL_RCC_GetSysClockFreq  stm32f1xx_hal_rcc.o
    0x08002718   0x08002718   0x00000320   Code   RO         1477    i.HAL_RCC_OscConfig  stm32f1xx_hal_rcc.o
    0x08002a38   0x08002a38   0x00000002   Code   RO         2973    i.HAL_TIMEx_BreakCallback  stm32f1xx_hal_tim_ex.o
    0x08002a3a   0x08002a3a   0x00000002   Code   RO         2974    i.HAL_TIMEx_CommutCallback  stm32f1xx_hal_tim_ex.o
    0x08002a3c   0x08002a3c   0x00000068   Code   RO         2992    i.HAL_TIMEx_MasterConfigSynchronization  stm32f1xx_hal_tim_ex.o
    0x08002aa4   0x08002aa4   0x0000005a   Code   RO         2269    i.HAL_TIM_Base_Init  stm32f1xx_hal_tim.o
    0x08002afe   0x08002afe   0x00000002   PAD
    0x08002b00   0x08002b00   0x00000028   Code   RO          391    i.HAL_TIM_Base_MspInit  tim.o
    0x08002b28   0x08002b28   0x00000058   Code   RO         2274    i.HAL_TIM_Base_Start_IT  stm32f1xx_hal_tim.o
    0x08002b80   0x08002b80   0x000000dc   Code   RO         2278    i.HAL_TIM_ConfigClockSource  stm32f1xx_hal_tim.o
    0x08002c5c   0x08002c5c   0x00000002   Code   RO         2303    i.HAL_TIM_IC_CaptureCallback  stm32f1xx_hal_tim.o
    0x08002c5e   0x08002c5e   0x00000166   Code   RO         2317    i.HAL_TIM_IRQHandler  stm32f1xx_hal_tim.o
    0x08002dc4   0x08002dc4   0x00000002   Code   RO         2320    i.HAL_TIM_OC_DelayElapsedCallback  stm32f1xx_hal_tim.o
    0x08002dc6   0x08002dc6   0x00000002   Code   RO         2347    i.HAL_TIM_PWM_PulseFinishedCallback  stm32f1xx_hal_tim.o
    0x08002dc8   0x08002dc8   0x00000014   Code   RO           14    i.HAL_TIM_PeriodElapsedCallback  main.o
    0x08002ddc   0x08002ddc   0x00000002   Code   RO         2360    i.HAL_TIM_TriggerCallback  stm32f1xx_hal_tim.o
    0x08002dde   0x08002dde   0x0000004e   Code   RO         3250    i.HAL_UARTEx_ReceiveToIdle_DMA  stm32f1xx_hal_uart.o
    0x08002e2c   0x08002e2c   0x00000070   Code   RO          254    i.HAL_UARTEx_RxEventCallback  freertos.o
    0x08002e9c   0x08002e9c   0x00000002   Code   RO         3266    i.HAL_UART_ErrorCallback  stm32f1xx_hal_uart.o
    0x08002e9e   0x08002e9e   0x00000002   PAD
    0x08002ea0   0x08002ea0   0x0000026c   Code   RO         3269    i.HAL_UART_IRQHandler  stm32f1xx_hal_uart.o
    0x0800310c   0x0800310c   0x00000064   Code   RO         3270    i.HAL_UART_Init     stm32f1xx_hal_uart.o
    0x08003170   0x08003170   0x000000dc   Code   RO          433    i.HAL_UART_MspInit  usart.o
    0x0800324c   0x0800324c   0x00000002   Code   RO         3276    i.HAL_UART_RxCpltCallback  stm32f1xx_hal_uart.o
    0x0800324e   0x0800324e   0x00000002   Code   RO         3277    i.HAL_UART_RxHalfCpltCallback  stm32f1xx_hal_uart.o
    0x08003250   0x08003250   0x0000009a   Code   RO         3278    i.HAL_UART_Transmit  stm32f1xx_hal_uart.o
    0x080032ea   0x080032ea   0x00000002   Code   RO         3281    i.HAL_UART_TxCpltCallback  stm32f1xx_hal_uart.o
    0x080032ec   0x080032ec   0x00000002   Code   RO          485    i.HardFault_Handler  stm32f1xx_it.o
    0x080032ee   0x080032ee   0x00000002   PAD
    0x080032f0   0x080032f0   0x00000058   Code   RO          631    i.LCD_Clear         lcd.o
    0x08003348   0x08003348   0x00000018   Code   RO          632    i.LCD_DrawPoint     lcd.o
    0x08003360   0x08003360   0x00000238   Code   RO          633    i.LCD_Init          lcd.o
    0x08003598   0x08003598   0x00000024   Code   RO          634    i.LCD_RESET         lcd.o
    0x080035bc   0x080035bc   0x00000008   Code   RO          635    i.LCD_SetCursor     lcd.o
    0x080035c4   0x080035c4   0x00000058   Code   RO          636    i.LCD_SetWindows    lcd.o
    0x0800361c   0x0800361c   0x00000108   Code   RO          763    i.LCD_ShowChar      gui.o
    0x08003724   0x08003724   0x00000084   Code   RO          764    i.LCD_ShowNum       gui.o
    0x080037a8   0x080037a8   0x00000060   Code   RO          765    i.LCD_ShowString    gui.o
    0x08003808   0x08003808   0x0000001c   Code   RO          637    i.LCD_WR_DATA       lcd.o
    0x08003824   0x08003824   0x0000001c   Code   RO          638    i.LCD_WR_REG        lcd.o
    0x08003840   0x08003840   0x0000000c   Code   RO          639    i.LCD_WriteRAM_Prepare  lcd.o
    0x0800384c   0x0800384c   0x00000012   Code   RO          640    i.LCD_WriteReg      lcd.o
    0x0800385e   0x0800385e   0x00000002   PAD
    0x08003860   0x08003860   0x0000004c   Code   RO          641    i.LCD_direction     lcd.o
    0x080038ac   0x080038ac   0x00000028   Code   RO          642    i.Lcd_WriteData_16Bit  lcd.o
    0x080038d4   0x080038d4   0x00000050   Code   RO          326    i.MX_ADC1_Init      adc.o
    0x08003924   0x08003924   0x0000003c   Code   RO          366    i.MX_DMA_Init       dma.o
    0x08003960   0x08003960   0x0000005c   Code   RO          255    i.MX_FREERTOS_Init  freertos.o
    0x080039bc   0x080039bc   0x000000b8   Code   RO          223    i.MX_GPIO_Init      gpio.o
    0x08003a74   0x08003a74   0x0000006c   Code   RO          392    i.MX_TIM3_Init      tim.o
    0x08003ae0   0x08003ae0   0x00000038   Code   RO          434    i.MX_USART1_UART_Init  usart.o
    0x08003b18   0x08003b18   0x00000002   Code   RO          486    i.MemManage_Handler  stm32f1xx_it.o
    0x08003b1a   0x08003b1a   0x00000002   Code   RO          487    i.NMI_Handler       stm32f1xx_it.o
    0x08003b1c   0x08003b1c   0x00000030   Code   RO          727    i.SPIv_WriteData    spi.o
    0x08003b4c   0x08003b4c   0x000000cc   Code   RO          766    i.Show_Str          gui.o
    0x08003c18   0x08003c18   0x0000002c   Code   RO         5175    i.SysTick_Handler   port.o
    0x08003c44   0x08003c44   0x00000076   Code   RO           15    i.SystemClock_Config  main.o
    0x08003cba   0x08003cba   0x00000002   Code   RO         3604    i.SystemInit        system_stm32f1xx.o
    0x08003cbc   0x08003cbc   0x0000000c   Code   RO          488    i.TIM4_IRQHandler   stm32f1xx_it.o
    0x08003cc8   0x08003cc8   0x0000006c   Code   RO         2362    i.TIM_Base_SetConfig  stm32f1xx_hal_tim.o
    0x08003d34   0x08003d34   0x00000014   Code   RO         2373    i.TIM_ETR_SetConfig  stm32f1xx_hal_tim.o
    0x08003d48   0x08003d48   0x00000010   Code   RO         2374    i.TIM_ITRx_SetConfig  stm32f1xx_hal_tim.o
    0x08003d58   0x08003d58   0x00000022   Code   RO         2380    i.TIM_TI1_ConfigInputStage  stm32f1xx_hal_tim.o
    0x08003d7a   0x08003d7a   0x00000024   Code   RO         2382    i.TIM_TI2_ConfigInputStage  stm32f1xx_hal_tim.o
    0x08003d9e   0x08003d9e   0x00000010   Code   RO         3283    i.UART_DMAAbortOnError  stm32f1xx_hal_uart.o
    0x08003dae   0x08003dae   0x0000004a   Code   RO         3284    i.UART_DMAError     stm32f1xx_hal_uart.o
    0x08003df8   0x08003df8   0x00000086   Code   RO         3285    i.UART_DMAReceiveCplt  stm32f1xx_hal_uart.o
    0x08003e7e   0x08003e7e   0x0000001e   Code   RO         3287    i.UART_DMARxHalfCplt  stm32f1xx_hal_uart.o
    0x08003e9c   0x08003e9c   0x0000004e   Code   RO         3293    i.UART_EndRxTransfer  stm32f1xx_hal_uart.o
    0x08003eea   0x08003eea   0x0000001c   Code   RO         3294    i.UART_EndTxTransfer  stm32f1xx_hal_uart.o
    0x08003f06   0x08003f06   0x000000c2   Code   RO         3295    i.UART_Receive_IT   stm32f1xx_hal_uart.o
    0x08003fc8   0x08003fc8   0x000000b8   Code   RO         3296    i.UART_SetConfig    stm32f1xx_hal_uart.o
    0x08004080   0x08004080   0x00000090   Code   RO         3297    i.UART_Start_Receive_DMA  stm32f1xx_hal_uart.o
    0x08004110   0x08004110   0x00000078   Code   RO         3299    i.UART_WaitOnFlagUntilTimeout  stm32f1xx_hal_uart.o
    0x08004188   0x08004188   0x0000000c   Code   RO          489    i.USART1_IRQHandler  stm32f1xx_it.o
    0x08004194   0x08004194   0x00000002   Code   RO          490    i.UsageFault_Handler  stm32f1xx_it.o
    0x08004196   0x08004196   0x00000002   PAD
    0x08004198   0x08004198   0x00000020   Code   RO         5499    i.__0printf         mc_w.l(printfa.o)
    0x080041b8   0x080041b8   0x00000028   Code   RO         5501    i.__0sprintf        mc_w.l(printfa.o)
    0x080041e0   0x080041e0   0x00000020   Code   RO         1780    i.__NVIC_SetPriority  stm32f1xx_hal_cortex.o
    0x08004200   0x08004200   0x0000000e   Code   RO         5600    i.__scatterload_copy  mc_w.l(handlers.o)
    0x0800420e   0x0800420e   0x00000002   Code   RO         5601    i.__scatterload_null  mc_w.l(handlers.o)
    0x08004210   0x08004210   0x0000000e   Code   RO         5602    i.__scatterload_zeroinit  mc_w.l(handlers.o)
    0x0800421e   0x0800421e   0x00000002   PAD
    0x08004220   0x08004220   0x00000184   Code   RO         5506    i._fp_digits        mc_w.l(printfa.o)
    0x080043a4   0x080043a4   0x0000000e   Code   RO         5558    i._is_digit         mc_w.l(scanf_fp.o)
    0x080043b2   0x080043b2   0x00000002   PAD
    0x080043b4   0x080043b4   0x000006dc   Code   RO         5507    i._printf_core      mc_w.l(printfa.o)
    0x08004a90   0x08004a90   0x00000024   Code   RO         5508    i._printf_post_padding  mc_w.l(printfa.o)
    0x08004ab4   0x08004ab4   0x0000002e   Code   RO         5509    i._printf_pre_padding  mc_w.l(printfa.o)
    0x08004ae2   0x08004ae2   0x0000000a   Code   RO         5511    i._sputc            mc_w.l(printfa.o)
    0x08004aec   0x08004aec   0x00000018   Code   RO          435    i.fputc             usart.o
    0x08004b04   0x08004b04   0x0000007c   Code   RO           16    i.main              main.o
    0x08004b80   0x08004b80   0x00000010   Code   RO          769    i.mypow             gui.o
    0x08004b90   0x08004b90   0x00000034   Code   RO         4707    i.osDelay           cmsis_os2.o
    0x08004bc4   0x08004bc4   0x00000038   Code   RO         4721    i.osKernelInitialize  cmsis_os2.o
    0x08004bfc   0x08004bfc   0x00000040   Code   RO         4724    i.osKernelStart     cmsis_os2.o
    0x08004c3c   0x08004c3c   0x000000b0   Code   RO         4743    i.osSemaphoreNew    cmsis_os2.o
    0x08004cec   0x08004cec   0x000000a4   Code   RO         4758    i.osThreadNew       cmsis_os2.o
    0x08004d90   0x08004d90   0x0000005c   Code   RO         4203    i.prvAddCurrentTaskToDelayedList  tasks.o
    0x08004dec   0x08004dec   0x000000d0   Code   RO         4204    i.prvAddNewTaskToReadyList  tasks.o
    0x08004ebc   0x08004ebc   0x00000058   Code   RO         4553    i.prvCheckForValidListAndQueue  timers.o
    0x08004f14   0x08004f14   0x00000026   Code   RO         3809    i.prvCopyDataFromQueue  queue.o
    0x08004f3a   0x08004f3a   0x0000006c   Code   RO         3810    i.prvCopyDataToQueue  queue.o
    0x08004fa6   0x08004fa6   0x00000034   Code   RO         4205    i.prvDeleteTCB      tasks.o
    0x08004fda   0x08004fda   0x00000002   PAD
    0x08004fdc   0x08004fdc   0x0000004c   Code   RO         5125    i.prvHeapInit       heap_4.o
    0x08005028   0x08005028   0x00000060   Code   RO         4206    i.prvIdleTask       tasks.o
    0x08005088   0x08005088   0x00000022   Code   RO         3812    i.prvInitialiseNewQueue  queue.o
    0x080050aa   0x080050aa   0x0000009c   Code   RO         4207    i.prvInitialiseNewTask  tasks.o
    0x08005146   0x08005146   0x00000002   PAD
    0x08005148   0x08005148   0x0000004c   Code   RO         5126    i.prvInsertBlockIntoFreeList  heap_4.o
    0x08005194   0x08005194   0x00000038   Code   RO         4555    i.prvInsertTimerInActiveList  timers.o
    0x080051cc   0x080051cc   0x0000001c   Code   RO         3813    i.prvIsQueueEmpty   queue.o
    0x080051e8   0x080051e8   0x000000cc   Code   RO         4556    i.prvProcessReceivedCommands  timers.o
    0x080052b4   0x080052b4   0x000000b4   Code   RO         4557    i.prvProcessTimerOrBlockTask  timers.o
    0x08005368   0x08005368   0x00000020   Code   RO         4209    i.prvResetNextTaskUnblockTime  tasks.o
    0x08005388   0x08005388   0x00000028   Code   RO         4558    i.prvSampleTimeNow  timers.o
    0x080053b0   0x080053b0   0x0000006c   Code   RO         4559    i.prvSwitchTimerLists  timers.o
    0x0800541c   0x0800541c   0x00000028   Code   RO         5176    i.prvTaskExitError  port.o
    0x08005444   0x08005444   0x00000024   Code   RO         4560    i.prvTimerTask      timers.o
    0x08005468   0x08005468   0x0000006a   Code   RO         3814    i.prvUnlockQueue    queue.o
    0x080054d2   0x080054d2   0x00000002   PAD
    0x080054d4   0x080054d4   0x000000d8   Code   RO         5127    i.pvPortMalloc      heap_4.o
    0x080055ac   0x080055ac   0x00000018   Code   RO         4212    i.pvTaskIncrementMutexHeldCount  tasks.o
    0x080055c4   0x080055c4   0x00000024   Code   RO         5177    i.pxPortInitialiseStack  port.o
    0x080055e8   0x080055e8   0x00000026   Code   RO         3769    i.uxListRemove      list.o
    0x0800560e   0x0800560e   0x00000002   PAD
    0x08005610   0x08005610   0x00000014   Code   RO         4770    i.vApplicationGetIdleTaskMemory  cmsis_os2.o
    0x08005624   0x08005624   0x00000018   Code   RO         4771    i.vApplicationGetTimerTaskMemory  cmsis_os2.o
    0x0800563c   0x0800563c   0x00000016   Code   RO         3770    i.vListInitialise   list.o
    0x08005652   0x08005652   0x00000006   Code   RO         3771    i.vListInitialiseItem  list.o
    0x08005658   0x08005658   0x00000030   Code   RO         3772    i.vListInsert       list.o
    0x08005688   0x08005688   0x00000018   Code   RO         3773    i.vListInsertEnd    list.o
    0x080056a0   0x080056a0   0x00000040   Code   RO         5179    i.vPortEnterCritical  port.o
    0x080056e0   0x080056e0   0x00000028   Code   RO         5180    i.vPortExitCritical  port.o
    0x08005708   0x08005708   0x0000005c   Code   RO         5128    i.vPortFree         heap_4.o
    0x08005764   0x08005764   0x00000024   Code   RO         5181    i.vPortSetupTimerInterrupt  port.o
    0x08005788   0x08005788   0x00000054   Code   RO         5182    i.vPortValidateInterruptPriority  port.o
    0x080057dc   0x080057dc   0x00000028   Code   RO         3820    i.vQueueAddToRegistry  queue.o
    0x08005804   0x08005804   0x0000002e   Code   RO         3821    i.vQueueDelete      queue.o
    0x08005832   0x08005832   0x00000002   PAD
    0x08005834   0x08005834   0x00000028   Code   RO         3823    i.vQueueUnregisterQueue  queue.o
    0x0800585c   0x0800585c   0x00000044   Code   RO         3824    i.vQueueWaitForMessageRestricted  queue.o
    0x080058a0   0x080058a0   0x0000004c   Code   RO         4221    i.vTaskDelay        tasks.o
    0x080058ec   0x080058ec   0x00000010   Code   RO         4226    i.vTaskInternalSetTimeOutState  tasks.o
    0x080058fc   0x080058fc   0x0000000c   Code   RO         4227    i.vTaskMissedYield  tasks.o
    0x08005908   0x08005908   0x00000030   Code   RO         4229    i.vTaskPlaceOnEventList  tasks.o
    0x08005938   0x08005938   0x00000038   Code   RO         4230    i.vTaskPlaceOnEventListRestricted  tasks.o
    0x08005970   0x08005970   0x00000090   Code   RO         4232    i.vTaskPriorityDisinheritAfterTimeout  tasks.o
    0x08005a00   0x08005a00   0x00000088   Code   RO         4238    i.vTaskStartScheduler  tasks.o
    0x08005a88   0x08005a88   0x00000010   Code   RO         4240    i.vTaskSuspendAll   tasks.o
    0x08005a98   0x08005a98   0x00000064   Code   RO         4241    i.vTaskSwitchContext  tasks.o
    0x08005afc   0x08005afc   0x000000a8   Code   RO         5183    i.xPortStartScheduler  port.o
    0x08005ba4   0x08005ba4   0x0000003a   Code   RO         3825    i.xQueueCreateCountingSemaphore  queue.o
    0x08005bde   0x08005bde   0x00000040   Code   RO         3826    i.xQueueCreateCountingSemaphoreStatic  queue.o
    0x08005c1e   0x08005c1e   0x00000048   Code   RO         3829    i.xQueueGenericCreate  queue.o
    0x08005c66   0x08005c66   0x00000066   Code   RO         3830    i.xQueueGenericCreateStatic  queue.o
    0x08005ccc   0x08005ccc   0x00000088   Code   RO         3831    i.xQueueGenericReset  queue.o
    0x08005d54   0x08005d54   0x00000160   Code   RO         3832    i.xQueueGenericSend  queue.o
    0x08005eb4   0x08005eb4   0x000000bc   Code   RO         3833    i.xQueueGenericSendFromISR  queue.o
    0x08005f70   0x08005f70   0x0000009c   Code   RO         3836    i.xQueueGiveFromISR  queue.o
    0x0800600c   0x0800600c   0x00000138   Code   RO         3842    i.xQueueReceive     queue.o
    0x08006144   0x08006144   0x00000178   Code   RO         3844    i.xQueueSemaphoreTake  queue.o
    0x080062bc   0x080062bc   0x00000074   Code   RO         4242    i.xTaskCheckForTimeOut  tasks.o
    0x08006330   0x08006330   0x0000005a   Code   RO         4243    i.xTaskCreate       tasks.o
    0x0800638a   0x0800638a   0x00000056   Code   RO         4244    i.xTaskCreateStatic  tasks.o
    0x080063e0   0x080063e0   0x0000001c   Code   RO         4248    i.xTaskGetSchedulerState  tasks.o
    0x080063fc   0x080063fc   0x0000000c   Code   RO         4249    i.xTaskGetTickCount  tasks.o
    0x08006408   0x08006408   0x000000c8   Code   RO         4251    i.xTaskIncrementTick  tasks.o
    0x080064d0   0x080064d0   0x00000080   Code   RO         4254    i.xTaskPriorityDisinherit  tasks.o
    0x08006550   0x08006550   0x00000078   Code   RO         4255    i.xTaskPriorityInherit  tasks.o
    0x080065c8   0x080065c8   0x00000070   Code   RO         4256    i.xTaskRemoveFromEventList  tasks.o
    0x08006638   0x08006638   0x000000c4   Code   RO         4257    i.xTaskResumeAll    tasks.o
    0x080066fc   0x080066fc   0x00000060   Code   RO         4567    i.xTimerCreateTimerTask  timers.o
    0x0800675c   0x0800675c   0x00000068   Code   RO         4568    i.xTimerGenericCommand  timers.o
    0x080067c4   0x080067c4   0x00000078   Data   RO          256    .constdata          freertos.o
    0x0800683c   0x0800683c   0x000016ae   Data   RO          770    .constdata          gui.o
    0x08007eea   0x08007eea   0x00000012   Data   RO         1478    .constdata          stm32f1xx_hal_rcc.o
    0x08007efc   0x08007efc   0x00000010   Data   RO         3605    .constdata          system_stm32f1xx.o
    0x08007f0c   0x08007f0c   0x00000008   Data   RO         3606    .constdata          system_stm32f1xx.o
    0x08007f14   0x08007f14   0x00000040   Data   RO         5594    .constdata          mc_w.l(ctype_c.o)
    0x08007f54   0x08007f54   0x0000003f   Data   RO          257    .conststring        freertos.o
    0x08007f93   0x08007f93   0x00000001   PAD
    0x08007f94   0x08007f94   0x00000020   Data   RO         5598    Region$$Table       anon$$obj.o


    Execution Region RW_IRAM1 (Exec base: 0x20000000, Load base: 0x08007fb4, Size: 0x00002330, Max: 0x00005000, ABSOLUTE)

    Exec Addr    Load Addr    Size         Type   Attr      Idx    E Section Name        Object

    0x20000000   0x08007fb4   0x00000028   Data   RW          258    .data               freertos.o
    0x20000028   0x08007fdc   0x00000002   Data   RW          644    .data               lcd.o
    0x2000002a   0x08007fde   0x00000002   Data   RW          645    .data               lcd.o
    0x2000002c   0x08007fe0   0x0000000c   Data   RW         1315    .data               stm32f1xx_hal.o
    0x20000038   0x08007fec   0x00000004   Data   RW         3607    .data               system_stm32f1xx.o
    0x2000003c   0x08007ff0   0x0000003c   Data   RW         4260    .data               tasks.o
    0x20000078   0x0800802c   0x00000014   Data   RW         4576    .data               timers.o
    0x2000008c   0x08008040   0x00000004   Data   RW         4773    .data               cmsis_os2.o
    0x20000090   0x08008044   0x00000018   Data   RW         5133    .data               heap_4.o
    0x200000a8   0x0800805c   0x0000000c   Data   RW         5184    .data               port.o
    0x200000b4   0x08008068   0x00000004   Data   RW         5545    .data               mc_w.l(stdout.o)
    0x200000b8        -       0x00000402   Zero   RW           17    .bss                main.o
    0x200004ba   0x0800806c   0x00000002   PAD
    0x200004bc        -       0x00000030   Zero   RW          327    .bss                adc.o
    0x200004ec        -       0x00000048   Zero   RW          393    .bss                tim.o
    0x20000534        -       0x000000d0   Zero   RW          436    .bss                usart.o
    0x20000604        -       0x00000048   Zero   RW          595    .bss                stm32f1xx_hal_timebase_tim.o
    0x2000064c        -       0x0000000e   Zero   RW          643    .bss                lcd.o
    0x2000065a   0x0800806c   0x00000002   PAD
    0x2000065c        -       0x00000040   Zero   RW         3846    .bss                queue.o
    0x2000069c        -       0x000004c4   Zero   RW         4259    .bss                tasks.o
    0x20000b60        -       0x00000118   Zero   RW         4575    .bss                timers.o
    0x20000c78        -       0x000006b8   Zero   RW         4772    .bss                cmsis_os2.o
    0x20001330        -       0x00000c00   Zero   RW         5132    .bss                heap_4.o
    0x20001f30        -       0x00000400   Zero   RW            1    STACK               startup_stm32f103xb.o


==============================================================================

Image component sizes


      Code (inc. data)   RO Data    RW Data    ZI Data      Debug   Object Name

       184         22          0          0         48       1573   adc.o
       556         36          0          4       1720      15291   cmsis_os2.o
        60          4          0          0          0        726   dma.o
         0          0          0          0          0      20084   event_groups.o
       764        232        183         40          0      12140   freertos.o
       184         16          0          0          0        943   gpio.o
      1424         86       5806          0          0       8800   gui.o
       460         24          0         24       3072       4555   heap_4.o
      1014         54          0          4         14       8250   lcd.o
       138          0          0          0          0       3282   list.o
       266         34          0          0       1026     460242   main.o
       662         70          0         12          0      10573   port.o
      2324         28          0          0         64      21401   queue.o
        48          6          0          0          0        565   spi.o
        36          8        236          0       1024        784   startup_stm32f103xb.o
       100         18          0         12          0       5110   stm32f1xx_hal.o
      1178         44          0          0          0       6655   stm32f1xx_hal_adc.o
         2          0          0          0          0       1021   stm32f1xx_hal_adc_ex.o
       158         14          0          0          0      28094   stm32f1xx_hal_cortex.o
       808         36          0          0          0       4854   stm32f1xx_hal_dma.o
       490         34          0          0          0       2832   stm32f1xx_hal_gpio.o
        72         10          0          0          0        834   stm32f1xx_hal_msp.o
      1304         94         18          0          0       5601   stm32f1xx_hal_rcc.o
       236         12          0          0          0       1348   stm32f1xx_hal_rcc_ex.o
       978         26          0          0          0       9477   stm32f1xx_hal_tim.o
       108         12          0          0          0       2325   stm32f1xx_hal_tim_ex.o
       152         20          0          0         72       1419   stm32f1xx_hal_timebase_tim.o
      1962         24          0          0          0      13825   stm32f1xx_hal_uart.o
        72         30          0          0          0       4581   stm32f1xx_it.o
         0          0          0          0          0       8880   stream_buffer.o
         2          0         24          4          0       1059   system_stm32f1xx.o
      2352        194          0         60       1220      25161   tasks.o
       148         20          0          0         72       1554   tim.o
       912         82          0         20        280      25695   timers.o
       300         32          0          0        208       2332   usart.o

    ----------------------------------------------------------------------
     19492       1322       6300        180       8824     721866   Object Totals
         0          0         32          0          0          0   (incl. Generated)
        38          0          1          0          4          0   (incl. Padding)

    ----------------------------------------------------------------------

      Code (inc. data)   RO Data    RW Data    ZI Data      Debug   Library Member Name

        28          0          0          0          0         68   _chval.o
       812          4          0          0          0        112   _scanf.o
       332          0          0          0          0         96   _scanf_int.o
       342          0          0          0          0        100   _scanf_longlong.o
       224          0          0          0          0         96   _scanf_str.o
        64          0          0          0          0         84   _sgetc.o
        40          6         64          0          0         68   ctype_c.o
         0          0          0          0          0          0   entry.o
         0          0          0          0          0          0   entry10a.o
         0          0          0          0          0          0   entry11a.o
         8          4          0          0          0          0   entry2.o
         4          0          0          0          0          0   entry5.o
         0          0          0          0          0          0   entry7b.o
         0          0          0          0          0          0   entry8b.o
         8          4          0          0          0          0   entry9a.o
        30          0          0          0          0          0   handlers.o
        36          8          0          0          0         68   init.o
        10          0          0          0          0         68   isspace_c.o
         0          0          0          0          0          0   iusefp.o
        30          0          0          0          0         68   llshl.o
        36          0          0          0          0         68   llsshr.o
        32          0          0          0          0         68   llushr.o
        36          0          0          0          0         68   memcpya.o
        36          0          0          0          0        108   memseta.o
      2308         96          0          0          0        604   printfa.o
        40          8          0          0          0         84   scanf_char.o
       878         12          0          0          0        216   scanf_fp.o
        56          8          0          0          0         84   sscanf.o
         0          0          0          4          0          0   stdout.o
        44          0          0          0          0         80   uidiv.o
        98          0          0          0          0         92   uldiv.o
        48          0          0          0          0         68   cdrcmple.o
        56          0          0          0          0         88   d2f.o
       334          0          0          0          0        148   dadd.o
       222          0          0          0          0        100   ddiv.o
       186          0          0          0          0        176   depilogue.o
        48          0          0          0          0         68   dfixul.o
        24          0          0          0          0         76   dfltul.o
       228          0          0          0          0         96   dmul.o
        38          0          0          0          0         68   f2d.o
       110          0          0          0          0        168   fepilogue.o

    ----------------------------------------------------------------------
      6836        150         64          4          0       3356   Library Totals
        10          0          0          0          0          0   (incl. Padding)

    ----------------------------------------------------------------------

      Code (inc. data)   RO Data    RW Data    ZI Data      Debug   Library Name

      5532        150         64          4          0       2300   mc_w.l
      1294          0          0          0          0       1056   mf_w.l

    ----------------------------------------------------------------------
      6836        150         64          4          0       3356   Library Totals

    ----------------------------------------------------------------------

==============================================================================


      Code (inc. data)   RO Data    RW Data    ZI Data      Debug   

     26328       1472       6364        184       8824     713466   Grand Totals
     26328       1472       6364        184       8824     713466   ELF Image Totals
     26328       1472       6364        184          0          0   ROM Totals

==============================================================================

    Total RO  Size (Code + RO Data)                32692 (  31.93kB)
    Total RW  Size (RW Data + ZI Data)              9008 (   8.80kB)
    Total ROM Size (Code + RO Data + RW Data)      32876 (  32.11kB)

==============================================================================

